[    0.000000] Linux version 4.6.0+ (root@vl155.cs.stonybrook.edu) (gcc version 4.8.5 20150623 (Red Hat 4.8.5-4) (GCC) ) #8 Sun Sep 25 21:25:38 EDT 2016
[    0.000000] Command line: BOOT_IMAGE=/boot/vmlinuz-4.6.0+ root=UUID=a990024b-200e-46b2-9529-8de2954a47fe ro crashkernel=auto LANG=en_US.UTF-8
[    0.000000] Disabled fast string operations
[    0.000000] x86/fpu: xstate_offset[2]:  576, xstate_sizes[2]:  256
[    0.000000] x86/fpu: Supporting XSAVE feature 0x001: 'x87 floating point registers'
[    0.000000] x86/fpu: Supporting XSAVE feature 0x002: 'SSE registers'
[    0.000000] x86/fpu: Supporting XSAVE feature 0x004: 'AVX registers'
[    0.000000] x86/fpu: Enabled xstate features 0x7, context size is 832 bytes, using 'standard' format.
[    0.000000] x86/fpu: Using 'eager' FPU context switches.
[    0.000000] e820: BIOS-provided physical RAM map:
[    0.000000] BIOS-e820: [mem 0x0000000000000000-0x000000000009f7ff] usable
[    0.000000] BIOS-e820: [mem 0x000000000009f800-0x000000000009ffff] reserved
[    0.000000] BIOS-e820: [mem 0x00000000000dc000-0x00000000000fffff] reserved
[    0.000000] BIOS-e820: [mem 0x0000000000100000-0x000000007feeffff] usable
[    0.000000] BIOS-e820: [mem 0x000000007fef0000-0x000000007fefefff] ACPI data
[    0.000000] BIOS-e820: [mem 0x000000007feff000-0x000000007fefffff] ACPI NVS
[    0.000000] BIOS-e820: [mem 0x000000007ff00000-0x000000007fffffff] usable
[    0.000000] BIOS-e820: [mem 0x00000000f0000000-0x00000000f7ffffff] reserved
[    0.000000] BIOS-e820: [mem 0x00000000fec00000-0x00000000fec0ffff] reserved
[    0.000000] BIOS-e820: [mem 0x00000000fee00000-0x00000000fee00fff] reserved
[    0.000000] BIOS-e820: [mem 0x00000000fffe0000-0x00000000ffffffff] reserved
[    0.000000] NX (Execute Disable) protection: active
[    0.000000] SMBIOS 2.4 present.
[    0.000000] DMI: VMware, Inc. VMware Virtual Platform/440BX Desktop Reference Platform, BIOS 6.00 09/21/2015
[    0.000000] Hypervisor detected: VMware
[    0.000000] e820: update [mem 0x00000000-0x00000fff] usable ==> reserved
[    0.000000] e820: remove [mem 0x000a0000-0x000fffff] usable
[    0.000000] e820: last_pfn = 0x80000 max_arch_pfn = 0x400000000
[    0.000000] MTRR default type: uncachable
[    0.000000] MTRR fixed ranges enabled:
[    0.000000]   00000-9FFFF write-back
[    0.000000]   A0000-BFFFF uncachable
[    0.000000]   C0000-CBFFF write-protect
[    0.000000]   CC000-EFFFF uncachable
[    0.000000]   F0000-FFFFF write-protect
[    0.000000] MTRR variable ranges enabled:
[    0.000000]   0 base 0000000000 mask FF80000000 write-back
[    0.000000]   1 disabled
[    0.000000]   2 disabled
[    0.000000]   3 disabled
[    0.000000]   4 disabled
[    0.000000]   5 disabled
[    0.000000]   6 disabled
[    0.000000]   7 disabled
[    0.000000] x86/PAT: Configuration [0-7]: WB  WC  UC- UC  WB  WC  UC- WT  
[    0.000000] found SMP MP-table at [mem 0x000f6b30-0x000f6b3f] mapped at [ffff8800000f6b30]
[    0.000000] Base memory trampoline at [ffff880000099000] 99000 size 24576
[    0.000000] BRK [0x01aff000, 0x01afffff] PGTABLE
[    0.000000] BRK [0x01b00000, 0x01b00fff] PGTABLE
[    0.000000] BRK [0x01b01000, 0x01b01fff] PGTABLE
[    0.000000] BRK [0x01b02000, 0x01b02fff] PGTABLE
[    0.000000] BRK [0x01b03000, 0x01b03fff] PGTABLE
[    0.000000] RAMDISK: [mem 0x361f2000-0x370f0fff]
[    0.000000] ACPI: Early table checksum verification disabled
[    0.000000] ACPI: RSDP 0x00000000000F6AC0 000024 (v02 PTLTD )
[    0.000000] ACPI: XSDT 0x000000007FEF114C 00005C (v01 INTEL  440BX    06040000 VMW  01324272)
[    0.000000] ACPI: FACP 0x000000007FEFEE73 0000F4 (v04 INTEL  440BX    06040000 PTL  000F4240)
[    0.000000] ACPI: DSDT 0x000000007FEF13B4 00DABF (v01 PTLTD  Custom   06040000 MSFT 03000001)
[    0.000000] ACPI: FACS 0x000000007FEFFFC0 000040
[    0.000000] ACPI: FACS 0x000000007FEFFFC0 000040
[    0.000000] ACPI: BOOT 0x000000007FEF138C 000028 (v01 PTLTD  $SBFTBL$ 06040000  LTP 00000001)
[    0.000000] ACPI: APIC 0x000000007FEF133C 000050 (v01 PTLTD  ? APIC   06040000  LTP 00000000)
[    0.000000] ACPI: MCFG 0x000000007FEF1300 00003C (v01 PTLTD  $PCITBL$ 06040000  LTP 00000001)
[    0.000000] ACPI: SRAT 0x000000007FEF1248 0000B8 (v02 VMWARE MEMPLUG  06040000 VMW  00000001)
[    0.000000] ACPI: HPET 0x000000007FEF1210 000038 (v01 VMWARE VMW HPET 06040000 VMW  00000001)
[    0.000000] ACPI: WAET 0x000000007FEF11E8 000028 (v01 VMWARE VMW WAET 06040000 VMW  00000001)
[    0.000000] ACPI: Local APIC address 0xfee00000
[    0.000000] kexec_core: crashkernel: memory value expected
[    0.000000] Zone ranges:
[    0.000000]   DMA      [mem 0x0000000000001000-0x0000000000ffffff]
[    0.000000]   DMA32    [mem 0x0000000001000000-0x000000007fffffff]
[    0.000000]   Normal   empty
[    0.000000] Movable zone start for each node
[    0.000000] Early memory node ranges
[    0.000000]   node   0: [mem 0x0000000000001000-0x000000000009efff]
[    0.000000]   node   0: [mem 0x0000000000100000-0x000000007feeffff]
[    0.000000]   node   0: [mem 0x000000007ff00000-0x000000007fffffff]
[    0.000000] Initmem setup node 0 [mem 0x0000000000001000-0x000000007fffffff]
[    0.000000] On node 0 totalpages: 524174
[    0.000000]   DMA zone: 64 pages used for memmap
[    0.000000]   DMA zone: 21 pages reserved
[    0.000000]   DMA zone: 3998 pages, LIFO batch:0
[    0.000000]   DMA32 zone: 8128 pages used for memmap
[    0.000000]   DMA32 zone: 520176 pages, LIFO batch:31
[    0.000000] ACPI: PM-Timer IO Port: 0x1008
[    0.000000] ACPI: Local APIC address 0xfee00000
[    0.000000] ACPI: LAPIC_NMI (acpi_id[0x00] high edge lint[0x1])
[    0.000000] IOAPIC[0]: apic_id 1, version 17, address 0xfec00000, GSI 0-23
[    0.000000] ACPI: INT_SRC_OVR (bus 0 bus_irq 0 global_irq 2 high edge)
[    0.000000] ACPI: IRQ0 used by override.
[    0.000000] ACPI: IRQ9 used by override.
[    0.000000] Using ACPI (MADT) for SMP configuration information
[    0.000000] ACPI: HPET id: 0x8086af01 base: 0xfed00000
[    0.000000] PM: Registered nosave memory: [mem 0x00000000-0x00000fff]
[    0.000000] PM: Registered nosave memory: [mem 0x0009f000-0x0009ffff]
[    0.000000] PM: Registered nosave memory: [mem 0x000a0000-0x000dbfff]
[    0.000000] PM: Registered nosave memory: [mem 0x000dc000-0x000fffff]
[    0.000000] PM: Registered nosave memory: [mem 0x7fef0000-0x7fefefff]
[    0.000000] PM: Registered nosave memory: [mem 0x7feff000-0x7fefffff]
[    0.000000] e820: [mem 0x80000000-0xefffffff] available for PCI devices
[    0.000000] Booting paravirtualized kernel on bare hardware
[    0.000000] clocksource: refined-jiffies: mask: 0xffffffff max_cycles: 0xffffffff, max_idle_ns: 1910969940391419 ns
[    0.000000] pcpu-alloc: s0 r0 d32768 u32768 alloc=1*32768
[    0.000000] pcpu-alloc: [0] 0 
[    0.000000] Built 1 zonelists in Zone order, mobility grouping on.  Total pages: 515961
[    0.000000] Kernel command line: BOOT_IMAGE=/boot/vmlinuz-4.6.0+ root=UUID=a990024b-200e-46b2-9529-8de2954a47fe ro crashkernel=auto LANG=en_US.UTF-8
[    0.000000] PID hash table entries: 4096 (order: 3, 32768 bytes)
[    0.000000] Dentry cache hash table entries: 262144 (order: 9, 2097152 bytes)
[    0.000000] Inode-cache hash table entries: 131072 (order: 8, 1048576 bytes)
[    0.000000] Memory: 2033912K/2096696K available (5292K kernel code, 659K rwdata, 1696K rodata, 936K init, 1460K bss, 62784K reserved, 0K cma-reserved)
[    0.000000] SLUB: HWalign=64, Order=0-3, MinObjects=0, CPUs=1, Nodes=1
[    0.000000] NR_IRQS:4352 nr_irqs:256 16
[    0.000000] Console: colour VGA+ 80x25
[    0.000000] console [tty0] enabled
[    0.000000] clocksource: hpet: mask: 0xffffffff max_cycles: 0xffffffff, max_idle_ns: 133484882848 ns
[    0.000000] hpet clockevent registered
[    0.000000] TSC freq read from hypervisor : 1800.000 MHz
[    0.000000] tsc: Detected 1800.000 MHz processor
[    0.000088] Calibrating delay loop (skipped) preset value.. 3600.00 BogoMIPS (lpj=1800000)
[    0.000298] pid_max: default: 32768 minimum: 301
[    0.000440] ACPI: Core revision 20160108
[    0.011277] ACPI: 1 ACPI AML tables successfully acquired and loaded

[    0.011598] Mount-cache hash table entries: 4096 (order: 3, 32768 bytes)
[    0.011772] Mountpoint-cache hash table entries: 4096 (order: 3, 32768 bytes)
[    0.012201] Disabled fast string operations
[    0.012351] mce: CPU supports 0 MCE banks
[    0.012505] Last level iTLB entries: 4KB 512, 2MB 8, 4MB 8
[    0.012650] Last level dTLB entries: 4KB 512, 2MB 32, 4MB 32, 1GB 0
[    0.012816] CPU: Intel(R) Xeon(R) CPU E5-2403 0 @ 1.80GHz (family: 0x6, model: 0x2d, stepping: 0x7)
[    0.026174] Performance Events: 16-deep LBR, SandyBridge events, core PMU driver.
[    0.026472] core: CPUID marked event: 'cpu cycles' unavailable
[    0.026621] core: CPUID marked event: 'instructions' unavailable
[    0.026781] core: CPUID marked event: 'bus cycles' unavailable
[    0.026930] core: CPUID marked event: 'cache references' unavailable
[    0.027084] core: CPUID marked event: 'cache misses' unavailable
[    0.027232] core: CPUID marked event: 'branch instructions' unavailable
[    0.027389] core: CPUID marked event: 'branch misses' unavailable
[    0.027542] ... version:                1
[    0.027677] ... bit width:              48
[    0.027807] ... generic registers:      8
[    0.027934] ... value mask:             0000ffffffffffff
[    0.028077] ... max period:             000000007fffffff
[    0.028217] ... fixed-purpose events:   0
[    0.028344] ... event mask:             00000000000000ff
[    0.028765] x2apic: IRQ remapping doesn't support X2APIC mode
[    0.029461] ..TIMER: vector=0x30 apic1=0 pin1=2 apic2=-1 pin2=-1
[    0.140922] devtmpfs: initialized
[    0.141128] x86/mm: Memory block size: 128MB
[    0.144236] PM: Registering ACPI NVS region [mem 0x7feff000-0x7fefffff] (4096 bytes)
[    0.144494] clocksource: jiffies: mask: 0xffffffff max_cycles: 0xffffffff, max_idle_ns: 1911260446275000 ns
[    0.144817] atomic64_test: passed for x86-64 platform with CX8 and with SSE
[    0.144988] pinctrl core: initialized pinctrl subsystem
[    0.145255] NET: Registered protocol family 16
[    0.145496] cpuidle: using governor menu
[    0.145677] Simple Boot Flag at 0x36 set to 0x80
[    0.145853] ACPI: bus type PCI registered
[    0.145984] acpiphp: ACPI Hot Plug PCI Controller Driver version: 0.5
[    0.146304] PCI: MMCONFIG for domain 0000 [bus 00-7f] at [mem 0xf0000000-0xf7ffffff] (base 0xf0000000)
[    0.146571] PCI: MMCONFIG at [mem 0xf0000000-0xf7ffffff] reserved in E820
[    0.146744] PCI: Using configuration type 1 for base access
[    0.146932] core: PMU erratum BJ122, BV98, HSD29 workaround disabled, HT off
[    0.147924] HugeTLB registered 2 MB page size, pre-allocated 0 pages
[    0.148244] ACPI: Added _OSI(Module Device)
[    0.148379] ACPI: Added _OSI(Processor Device)
[    0.148522] ACPI: Added _OSI(3.0 _SCP Extensions)
[    0.148659] ACPI: Added _OSI(Processor Aggregator Device)
[    0.155034] [Firmware Bug]: ACPI: BIOS _OSI(Linux) query ignored
[    0.157140] ACPI: Interpreter enabled
[    0.157285] ACPI: (supports S0 S1 S4 S5)
[    0.157422] ACPI: Using IOAPIC for interrupt routing
[    0.157589] PCI: Using host bridge windows from ACPI; if necessary, use "pci=nocrs" and report a bug
[    0.221019] ACPI: PCI Root Bridge [PCI0] (domain 0000 [bus 00-7f])
[    0.221190] acpi PNP0A03:00: _OSC: OS supports [ExtendedConfig ASPM ClockPM Segments MSI]
[    0.221647] acpi PNP0A03:00: _OSC: platform does not support [AER]
[    0.222053] acpi PNP0A03:00: _OSC: OS now controls [PCIeHotplug PME PCIeCapability]
[    0.224461] PCI host bridge to bus 0000:00
[    0.224596] pci_bus 0000:00: root bus resource [mem 0x000a0000-0x000bffff window]
[    0.224766] pci_bus 0000:00: root bus resource [mem 0x000cc000-0x000cffff window]
[    0.224936] pci_bus 0000:00: root bus resource [mem 0x000d0000-0x000d3fff window]
[    0.225102] pci_bus 0000:00: root bus resource [mem 0x000d4000-0x000d7fff window]
[    0.225270] pci_bus 0000:00: root bus resource [mem 0x000d8000-0x000dbfff window]
[    0.225446] pci_bus 0000:00: root bus resource [mem 0x80000000-0xfebfffff window]
[    0.225614] pci_bus 0000:00: root bus resource [io  0x0000-0x0cf7 window]
[    0.225771] pci_bus 0000:00: root bus resource [io  0x0d00-0xfeff window]
[    0.225929] pci_bus 0000:00: root bus resource [bus 00-7f]
[    0.226132] pci 0000:00:00.0: [8086:7190] type 00 class 0x060000
[    0.226917] pci 0000:00:01.0: [8086:7191] type 01 class 0x060400
[    0.227528] pci 0000:00:07.0: [8086:7110] type 00 class 0x060100
[    0.228408] pci 0000:00:07.1: [8086:7111] type 00 class 0x01018a
[    0.230261] pci 0000:00:07.1: reg 0x20: [io  0x1060-0x106f]
[    0.231019] pci 0000:00:07.1: legacy IDE quirk: reg 0x10: [io  0x01f0-0x01f7]
[    0.231185] pci 0000:00:07.1: legacy IDE quirk: reg 0x14: [io  0x03f6]
[    0.231343] pci 0000:00:07.1: legacy IDE quirk: reg 0x18: [io  0x0170-0x0177]
[    0.231513] pci 0000:00:07.1: legacy IDE quirk: reg 0x1c: [io  0x0376]
[    0.231946] pci 0000:00:07.3: [8086:7113] type 00 class 0x068000
[    0.233922] pci 0000:00:07.3: quirk: [io  0x1000-0x103f] claimed by PIIX4 ACPI
[    0.234101] pci 0000:00:07.3: quirk: [io  0x1040-0x104f] claimed by PIIX4 SMB
[    0.234658] pci 0000:00:07.7: [15ad:0740] type 00 class 0x088000
[    0.235604] pci 0000:00:07.7: reg 0x10: [io  0x1080-0x10bf]
[    0.236498] pci 0000:00:07.7: reg 0x14: [mem 0xfebfe000-0xfebfffff 64bit]
[    0.240444] pci 0000:00:0f.0: [15ad:0405] type 00 class 0x030000
[    0.242725] pci 0000:00:0f.0: reg 0x10: [io  0x1070-0x107f]
[    0.244925] pci 0000:00:0f.0: reg 0x14: [mem 0xec000000-0xefffffff pref]
[    0.247103] pci 0000:00:0f.0: reg 0x18: [mem 0xfe000000-0xfe7fffff]
[    0.255802] pci 0000:00:0f.0: reg 0x30: [mem 0x00000000-0x00007fff pref]
[    0.256286] pci 0000:00:10.0: [1000:0030] type 00 class 0x010000
[    0.257658] pci 0000:00:10.0: reg 0x10: [io  0x1400-0x14ff]
[    0.259021] pci 0000:00:10.0: reg 0x14: [mem 0xfeba0000-0xfebbffff 64bit]
[    0.260387] pci 0000:00:10.0: reg 0x1c: [mem 0xfebc0000-0xfebdffff 64bit]
[    0.263007] pci 0000:00:10.0: reg 0x30: [mem 0x00000000-0x00003fff pref]
[    0.263321] pci 0000:00:11.0: [15ad:0790] type 01 class 0x060401
[    0.264030] pci 0000:00:11.0: System wakeup disabled by ACPI
[    0.264389] pci 0000:00:15.0: [15ad:07a0] type 01 class 0x060400
[    0.265224] pci 0000:00:15.0: PME# supported from D0 D3hot D3cold
[    0.265455] pci 0000:00:15.0: System wakeup disabled by ACPI
[    0.265763] pci 0000:00:15.1: [15ad:07a0] type 01 class 0x060400
[    0.266597] pci 0000:00:15.1: PME# supported from D0 D3hot D3cold
[    0.266820] pci 0000:00:15.1: System wakeup disabled by ACPI
[    0.267123] pci 0000:00:15.2: [15ad:07a0] type 01 class 0x060400
[    0.267948] pci 0000:00:15.2: PME# supported from D0 D3hot D3cold
[    0.268170] pci 0000:00:15.2: System wakeup disabled by ACPI
[    0.268484] pci 0000:00:15.3: [15ad:07a0] type 01 class 0x060400
[    0.269303] pci 0000:00:15.3: PME# supported from D0 D3hot D3cold
[    0.269537] pci 0000:00:15.3: System wakeup disabled by ACPI
[    0.269844] pci 0000:00:15.4: [15ad:07a0] type 01 class 0x060400
[    0.270670] pci 0000:00:15.4: PME# supported from D0 D3hot D3cold
[    0.270892] pci 0000:00:15.4: System wakeup disabled by ACPI
[    0.271196] pci 0000:00:15.5: [15ad:07a0] type 01 class 0x060400
[    0.272021] pci 0000:00:15.5: PME# supported from D0 D3hot D3cold
[    0.272243] pci 0000:00:15.5: System wakeup disabled by ACPI
[    0.272567] pci 0000:00:15.6: [15ad:07a0] type 01 class 0x060400
[    0.273391] pci 0000:00:15.6: PME# supported from D0 D3hot D3cold
[    0.273614] pci 0000:00:15.6: System wakeup disabled by ACPI
[    0.273920] pci 0000:00:15.7: [15ad:07a0] type 01 class 0x060400
[    0.274750] pci 0000:00:15.7: PME# supported from D0 D3hot D3cold
[    0.274974] pci 0000:00:15.7: System wakeup disabled by ACPI
[    0.275281] pci 0000:00:16.0: [15ad:07a0] type 01 class 0x060400
[    0.276106] pci 0000:00:16.0: PME# supported from D0 D3hot D3cold
[    0.276327] pci 0000:00:16.0: System wakeup disabled by ACPI
[    0.276641] pci 0000:00:16.1: [15ad:07a0] type 01 class 0x060400
[    0.277466] pci 0000:00:16.1: PME# supported from D0 D3hot D3cold
[    0.277689] pci 0000:00:16.1: System wakeup disabled by ACPI
[    0.277993] pci 0000:00:16.2: [15ad:07a0] type 01 class 0x060400
[    0.278819] pci 0000:00:16.2: PME# supported from D0 D3hot D3cold
[    0.279054] pci 0000:00:16.2: System wakeup disabled by ACPI
[    0.279362] pci 0000:00:16.3: [15ad:07a0] type 01 class 0x060400
[    0.280199] pci 0000:00:16.3: PME# supported from D0 D3hot D3cold
[    0.280426] pci 0000:00:16.3: System wakeup disabled by ACPI
[    0.280733] pci 0000:00:16.4: [15ad:07a0] type 01 class 0x060400
[    0.281559] pci 0000:00:16.4: PME# supported from D0 D3hot D3cold
[    0.281781] pci 0000:00:16.4: System wakeup disabled by ACPI
[    0.282087] pci 0000:00:16.5: [15ad:07a0] type 01 class 0x060400
[    0.282911] pci 0000:00:16.5: PME# supported from D0 D3hot D3cold
[    0.283132] pci 0000:00:16.5: System wakeup disabled by ACPI
[    0.283450] pci 0000:00:16.6: [15ad:07a0] type 01 class 0x060400
[    0.284266] pci 0000:00:16.6: PME# supported from D0 D3hot D3cold
[    0.284495] pci 0000:00:16.6: System wakeup disabled by ACPI
[    0.284800] pci 0000:00:16.7: [15ad:07a0] type 01 class 0x060400
[    0.285626] pci 0000:00:16.7: PME# supported from D0 D3hot D3cold
[    0.285848] pci 0000:00:16.7: System wakeup disabled by ACPI
[    0.286153] pci 0000:00:17.0: [15ad:07a0] type 01 class 0x060400
[    0.286977] pci 0000:00:17.0: PME# supported from D0 D3hot D3cold
[    0.287200] pci 0000:00:17.0: System wakeup disabled by ACPI
[    0.287510] pci 0000:00:17.1: [15ad:07a0] type 01 class 0x060400
[    0.288326] pci 0000:00:17.1: PME# supported from D0 D3hot D3cold
[    0.288584] pci 0000:00:17.1: System wakeup disabled by ACPI
[    0.288889] pci 0000:00:17.2: [15ad:07a0] type 01 class 0x060400
[    0.289715] pci 0000:00:17.2: PME# supported from D0 D3hot D3cold
[    0.289939] pci 0000:00:17.2: System wakeup disabled by ACPI
[    0.290243] pci 0000:00:17.3: [15ad:07a0] type 01 class 0x060400
[    0.291069] pci 0000:00:17.3: PME# supported from D0 D3hot D3cold
[    0.291291] pci 0000:00:17.3: System wakeup disabled by ACPI
[    0.291603] pci 0000:00:17.4: [15ad:07a0] type 01 class 0x060400
[    0.292428] pci 0000:00:17.4: PME# supported from D0 D3hot D3cold
[    0.292651] pci 0000:00:17.4: System wakeup disabled by ACPI
[    0.292955] pci 0000:00:17.5: [15ad:07a0] type 01 class 0x060400
[    0.293789] pci 0000:00:17.5: PME# supported from D0 D3hot D3cold
[    0.294012] pci 0000:00:17.5: System wakeup disabled by ACPI
[    0.294316] pci 0000:00:17.6: [15ad:07a0] type 01 class 0x060400
[    0.295142] pci 0000:00:17.6: PME# supported from D0 D3hot D3cold
[    0.295365] pci 0000:00:17.6: System wakeup disabled by ACPI
[    0.295677] pci 0000:00:17.7: [15ad:07a0] type 01 class 0x060400
[    0.296513] pci 0000:00:17.7: PME# supported from D0 D3hot D3cold
[    0.296736] pci 0000:00:17.7: System wakeup disabled by ACPI
[    0.297042] pci 0000:00:18.0: [15ad:07a0] type 01 class 0x060400
[    0.297869] pci 0000:00:18.0: PME# supported from D0 D3hot D3cold
[    0.298092] pci 0000:00:18.0: System wakeup disabled by ACPI
[    0.298407] pci 0000:00:18.1: [15ad:07a0] type 01 class 0x060400
[    0.299225] pci 0000:00:18.1: PME# supported from D0 D3hot D3cold
[    0.299454] pci 0000:00:18.1: System wakeup disabled by ACPI
[    0.299762] pci 0000:00:18.2: [15ad:07a0] type 01 class 0x060400
[    0.300588] pci 0000:00:18.2: PME# supported from D0 D3hot D3cold
[    0.300812] pci 0000:00:18.2: System wakeup disabled by ACPI
[    0.301119] pci 0000:00:18.3: [15ad:07a0] type 01 class 0x060400
[    0.301946] pci 0000:00:18.3: PME# supported from D0 D3hot D3cold
[    0.302168] pci 0000:00:18.3: System wakeup disabled by ACPI
[    0.302482] pci 0000:00:18.4: [15ad:07a0] type 01 class 0x060400
[    0.303297] pci 0000:00:18.4: PME# supported from D0 D3hot D3cold
[    0.303527] pci 0000:00:18.4: System wakeup disabled by ACPI
[    0.305974] pci 0000:00:18.5: [15ad:07a0] type 01 class 0x060400
[    0.306801] pci 0000:00:18.5: PME# supported from D0 D3hot D3cold
[    0.307025] pci 0000:00:18.5: System wakeup disabled by ACPI
[    0.307333] pci 0000:00:18.6: [15ad:07a0] type 01 class 0x060400
[    0.308169] pci 0000:00:18.6: PME# supported from D0 D3hot D3cold
[    0.308399] pci 0000:00:18.6: System wakeup disabled by ACPI
[    0.308706] pci 0000:00:18.7: [15ad:07a0] type 01 class 0x060400
[    0.309532] pci 0000:00:18.7: PME# supported from D0 D3hot D3cold
[    0.309754] pci 0000:00:18.7: System wakeup disabled by ACPI
[    0.310508] pci 0000:00:01.0: PCI bridge to [bus 01]
[    0.311152] acpiphp: Slot [32] registered
[    0.311313] acpiphp: Slot [33] registered
[    0.311479] acpiphp: Slot [34] registered
[    0.311634] acpiphp: Slot [35] registered
[    0.311788] acpiphp: Slot [36] registered
[    0.311947] acpiphp: Slot [37] registered
[    0.312106] acpiphp: Slot [38] registered
[    0.312266] acpiphp: Slot [39] registered
[    0.312433] acpiphp: Slot [40] registered
[    0.312588] acpiphp: Slot [41] registered
[    0.312751] acpiphp: Slot [42] registered
[    0.312904] acpiphp: Slot [43] registered
[    0.313062] acpiphp: Slot [44] registered
[    0.313217] acpiphp: Slot [45] registered
[    0.313378] acpiphp: Slot [46] registered
[    0.313535] acpiphp: Slot [47] registered
[    0.313691] acpiphp: Slot [48] registered
[    0.313846] acpiphp: Slot [49] registered
[    0.314000] acpiphp: Slot [50] registered
[    0.314154] acpiphp: Slot [51] registered
[    0.314309] acpiphp: Slot [52] registered
[    0.314471] acpiphp: Slot [53] registered
[    0.314626] acpiphp: Slot [54] registered
[    0.314780] acpiphp: Slot [55] registered
[    0.314957] acpiphp: Slot [56] registered
[    0.315113] acpiphp: Slot [57] registered
[    0.315268] acpiphp: Slot [58] registered
[    0.315432] acpiphp: Slot [59] registered
[    0.315587] acpiphp: Slot [60] registered
[    0.315740] acpiphp: Slot [61] registered
[    0.315895] acpiphp: Slot [62] registered
[    0.316048] acpiphp: Slot [63] registered
[    0.316279] pci 0000:02:00.0: [8086:100f] type 00 class 0x020000
[    0.317802] pci 0000:02:00.0: reg 0x10: [mem 0xfd5c0000-0xfd5dffff 64bit]
[    0.319171] pci 0000:02:00.0: reg 0x18: [mem 0xfdff0000-0xfdffffff 64bit]
[    0.320498] pci 0000:02:00.0: reg 0x20: [io  0x2000-0x203f]
[    0.323217] pci 0000:02:00.0: reg 0x30: [mem 0x00000000-0x0000ffff pref]
[    0.323598] pci 0000:02:00.0: PME# supported from D0 D3hot D3cold
[    0.323792] pci 0000:02:00.0: System wakeup disabled by ACPI
[    0.324365] pci 0000:00:11.0: PCI bridge to [bus 02] (subtractive decode)
[    0.324555] pci 0000:00:11.0:   bridge window [io  0x2000-0x3fff]
[    0.324581] pci 0000:00:11.0:   bridge window [mem 0xfd500000-0xfdffffff]
[    0.324630] pci 0000:00:11.0:   bridge window [mem 0xebb00000-0xebffffff 64bit pref]
[    0.324633] pci 0000:00:11.0:   bridge window [mem 0x000a0000-0x000bffff window] (subtractive decode)
[    0.324635] pci 0000:00:11.0:   bridge window [mem 0x000cc000-0x000cffff window] (subtractive decode)
[    0.324636] pci 0000:00:11.0:   bridge window [mem 0x000d0000-0x000d3fff window] (subtractive decode)
[    0.324638] pci 0000:00:11.0:   bridge window [mem 0x000d4000-0x000d7fff window] (subtractive decode)
[    0.324639] pci 0000:00:11.0:   bridge window [mem 0x000d8000-0x000dbfff window] (subtractive decode)
[    0.324641] pci 0000:00:11.0:   bridge window [mem 0x80000000-0xfebfffff window] (subtractive decode)
[    0.324642] pci 0000:00:11.0:   bridge window [io  0x0000-0x0cf7 window] (subtractive decode)
[    0.324644] pci 0000:00:11.0:   bridge window [io  0x0d00-0xfeff window] (subtractive decode)
[    0.325075] pci 0000:00:15.0: PCI bridge to [bus 03]
[    0.325239] pci 0000:00:15.0:   bridge window [io  0x4000-0x4fff]
[    0.325265] pci 0000:00:15.0:   bridge window [mem 0xfd400000-0xfd4fffff]
[    0.325314] pci 0000:00:15.0:   bridge window [mem 0xeba00000-0xebafffff 64bit pref]
[    0.325731] pci 0000:00:15.1: PCI bridge to [bus 04]
[    0.325897] pci 0000:00:15.1:   bridge window [io  0x8000-0x8fff]
[    0.325922] pci 0000:00:15.1:   bridge window [mem 0xfd000000-0xfd0fffff]
[    0.325971] pci 0000:00:15.1:   bridge window [mem 0xeb600000-0xeb6fffff 64bit pref]
[    0.326381] pci 0000:00:15.2: PCI bridge to [bus 05]
[    0.326546] pci 0000:00:15.2:   bridge window [io  0xc000-0xcfff]
[    0.326571] pci 0000:00:15.2:   bridge window [mem 0xfcc00000-0xfccfffff]
[    0.326620] pci 0000:00:15.2:   bridge window [mem 0xeb200000-0xeb2fffff 64bit pref]
[    0.327018] pci 0000:00:15.3: PCI bridge to [bus 06]
[    0.327205] pci 0000:00:15.3:   bridge window [mem 0xfc800000-0xfc8fffff]
[    0.327254] pci 0000:00:15.3:   bridge window [mem 0xeae00000-0xeaefffff 64bit pref]
[    0.327664] pci 0000:00:15.4: PCI bridge to [bus 07]
[    0.327861] pci 0000:00:15.4:   bridge window [mem 0xfc400000-0xfc4fffff]
[    0.327910] pci 0000:00:15.4:   bridge window [mem 0xeaa00000-0xeaafffff 64bit pref]
[    0.328309] pci 0000:00:15.5: PCI bridge to [bus 08]
[    0.328507] pci 0000:00:15.5:   bridge window [mem 0xfc000000-0xfc0fffff]
[    0.328556] pci 0000:00:15.5:   bridge window [mem 0xea600000-0xea6fffff 64bit pref]
[    0.328954] pci 0000:00:15.6: PCI bridge to [bus 09]
[    0.329143] pci 0000:00:15.6:   bridge window [mem 0xfbc00000-0xfbcfffff]
[    0.329192] pci 0000:00:15.6:   bridge window [mem 0xea200000-0xea2fffff 64bit pref]
[    0.329601] pci 0000:00:15.7: PCI bridge to [bus 0a]
[    0.329790] pci 0000:00:15.7:   bridge window [mem 0xfb800000-0xfb8fffff]
[    0.329839] pci 0000:00:15.7:   bridge window [mem 0xe9e00000-0xe9efffff 64bit pref]
[    0.330237] pci 0000:00:16.0: PCI bridge to [bus 0b]
[    0.330420] pci 0000:00:16.0:   bridge window [io  0x5000-0x5fff]
[    0.330445] pci 0000:00:16.0:   bridge window [mem 0xfd300000-0xfd3fffff]
[    0.330494] pci 0000:00:16.0:   bridge window [mem 0xeb900000-0xeb9fffff 64bit pref]
[    0.330895] pci 0000:00:16.1: PCI bridge to [bus 0c]
[    0.331059] pci 0000:00:16.1:   bridge window [io  0x9000-0x9fff]
[    0.331085] pci 0000:00:16.1:   bridge window [mem 0xfcf00000-0xfcffffff]
[    0.331134] pci 0000:00:16.1:   bridge window [mem 0xeb500000-0xeb5fffff 64bit pref]
[    0.331543] pci 0000:00:16.2: PCI bridge to [bus 0d]
[    0.331708] pci 0000:00:16.2:   bridge window [io  0xd000-0xdfff]
[    0.331733] pci 0000:00:16.2:   bridge window [mem 0xfcb00000-0xfcbfffff]
[    0.331782] pci 0000:00:16.2:   bridge window [mem 0xeb100000-0xeb1fffff 64bit pref]
[    0.332179] pci 0000:00:16.3: PCI bridge to [bus 0e]
[    0.332375] pci 0000:00:16.3:   bridge window [mem 0xfc700000-0xfc7fffff]
[    0.332424] pci 0000:00:16.3:   bridge window [mem 0xead00000-0xeadfffff 64bit pref]
[    0.332825] pci 0000:00:16.4: PCI bridge to [bus 0f]
[    0.333013] pci 0000:00:16.4:   bridge window [mem 0xfc300000-0xfc3fffff]
[    0.333072] pci 0000:00:16.4:   bridge window [mem 0xea900000-0xea9fffff 64bit pref]
[    0.333481] pci 0000:00:16.5: PCI bridge to [bus 10]
[    0.333670] pci 0000:00:16.5:   bridge window [mem 0xfbf00000-0xfbffffff]
[    0.333719] pci 0000:00:16.5:   bridge window [mem 0xea500000-0xea5fffff 64bit pref]
[    0.334118] pci 0000:00:16.6: PCI bridge to [bus 11]
[    0.334306] pci 0000:00:16.6:   bridge window [mem 0xfbb00000-0xfbbfffff]
[    0.334362] pci 0000:00:16.6:   bridge window [mem 0xea100000-0xea1fffff 64bit pref]
[    0.334761] pci 0000:00:16.7: PCI bridge to [bus 12]
[    0.334959] pci 0000:00:16.7:   bridge window [mem 0xfb700000-0xfb7fffff]
[    0.335008] pci 0000:00:16.7:   bridge window [mem 0xe9d00000-0xe9dfffff 64bit pref]
[    0.335417] pci 0000:00:17.0: PCI bridge to [bus 13]
[    0.335582] pci 0000:00:17.0:   bridge window [io  0x6000-0x6fff]
[    0.335607] pci 0000:00:17.0:   bridge window [mem 0xfd200000-0xfd2fffff]
[    0.335656] pci 0000:00:17.0:   bridge window [mem 0xeb800000-0xeb8fffff 64bit pref]
[    0.336057] pci 0000:00:17.1: PCI bridge to [bus 14]
[    0.336230] pci 0000:00:17.1:   bridge window [io  0xa000-0xafff]
[    0.336256] pci 0000:00:17.1:   bridge window [mem 0xfce00000-0xfcefffff]
[    0.336305] pci 0000:00:17.1:   bridge window [mem 0xeb400000-0xeb4fffff 64bit pref]
[    0.336716] pci 0000:00:17.2: PCI bridge to [bus 15]
[    0.336881] pci 0000:00:17.2:   bridge window [io  0xe000-0xefff]
[    0.336906] pci 0000:00:17.2:   bridge window [mem 0xfca00000-0xfcafffff]
[    0.336955] pci 0000:00:17.2:   bridge window [mem 0xeb000000-0xeb0fffff 64bit pref]
[    0.337362] pci 0000:00:17.3: PCI bridge to [bus 16]
[    0.337553] pci 0000:00:17.3:   bridge window [mem 0xfc600000-0xfc6fffff]
[    0.337602] pci 0000:00:17.3:   bridge window [mem 0xeac00000-0xeacfffff 64bit pref]
[    0.338001] pci 0000:00:17.4: PCI bridge to [bus 17]
[    0.338189] pci 0000:00:17.4:   bridge window [mem 0xfc200000-0xfc2fffff]
[    0.338238] pci 0000:00:17.4:   bridge window [mem 0xea800000-0xea8fffff 64bit pref]
[    0.338653] pci 0000:00:17.5: PCI bridge to [bus 18]
[    0.338850] pci 0000:00:17.5:   bridge window [mem 0xfbe00000-0xfbefffff]
[    0.338899] pci 0000:00:17.5:   bridge window [mem 0xea400000-0xea4fffff 64bit pref]
[    0.339297] pci 0000:00:17.6: PCI bridge to [bus 19]
[    0.339495] pci 0000:00:17.6:   bridge window [mem 0xfba00000-0xfbafffff]
[    0.339544] pci 0000:00:17.6:   bridge window [mem 0xea000000-0xea0fffff 64bit pref]
[    0.339943] pci 0000:00:17.7: PCI bridge to [bus 1a]
[    0.340132] pci 0000:00:17.7:   bridge window [mem 0xfb600000-0xfb6fffff]
[    0.340181] pci 0000:00:17.7:   bridge window [mem 0xe9c00000-0xe9cfffff 64bit pref]
[    0.340590] pci 0000:00:18.0: PCI bridge to [bus 1b]
[    0.340755] pci 0000:00:18.0:   bridge window [io  0x7000-0x7fff]
[    0.340781] pci 0000:00:18.0:   bridge window [mem 0xfd100000-0xfd1fffff]
[    0.340829] pci 0000:00:18.0:   bridge window [mem 0xeb700000-0xeb7fffff 64bit pref]
[    0.341231] pci 0000:00:18.1: PCI bridge to [bus 1c]
[    0.341405] pci 0000:00:18.1:   bridge window [io  0xb000-0xbfff]
[    0.341431] pci 0000:00:18.1:   bridge window [mem 0xfcd00000-0xfcdfffff]
[    0.341480] pci 0000:00:18.1:   bridge window [mem 0xeb300000-0xeb3fffff 64bit pref]
[    0.341881] pci 0000:00:18.2: PCI bridge to [bus 1d]
[    0.342069] pci 0000:00:18.2:   bridge window [mem 0xfc900000-0xfc9fffff]
[    0.342118] pci 0000:00:18.2:   bridge window [mem 0xeaf00000-0xeaffffff 64bit pref]
[    0.342525] pci 0000:00:18.3: PCI bridge to [bus 1e]
[    0.342722] pci 0000:00:18.3:   bridge window [mem 0xfc500000-0xfc5fffff]
[    0.342771] pci 0000:00:18.3:   bridge window [mem 0xeab00000-0xeabfffff 64bit pref]
[    0.343171] pci 0000:00:18.4: PCI bridge to [bus 1f]
[    0.343369] pci 0000:00:18.4:   bridge window [mem 0xfc100000-0xfc1fffff]
[    0.343419] pci 0000:00:18.4:   bridge window [mem 0xea700000-0xea7fffff 64bit pref]
[    0.343835] pci 0000:00:18.5: PCI bridge to [bus 20]
[    0.344024] pci 0000:00:18.5:   bridge window [mem 0xfbd00000-0xfbdfffff]
[    0.344073] pci 0000:00:18.5:   bridge window [mem 0xea300000-0xea3fffff 64bit pref]
[    0.344484] pci 0000:00:18.6: PCI bridge to [bus 21]
[    0.344671] pci 0000:00:18.6:   bridge window [mem 0xfb900000-0xfb9fffff]
[    0.344720] pci 0000:00:18.6:   bridge window [mem 0xe9f00000-0xe9ffffff 64bit pref]
[    0.345121] pci 0000:00:18.7: PCI bridge to [bus 22]
[    0.345318] pci 0000:00:18.7:   bridge window [mem 0xfb500000-0xfb5fffff]
[    0.345377] pci 0000:00:18.7:   bridge window [mem 0xe9b00000-0xe9bfffff 64bit pref]
[    0.348116] pci_bus 0000:00: on NUMA node 0
[    0.348341] ACPI: PCI Interrupt Link [LNKA] (IRQs 3 4 5 6 7 *9 10 11 14 15)
[    0.349007] ACPI: PCI Interrupt Link [LNKB] (IRQs 3 4 5 6 7 9 10 *11 14 15)
[    0.349674] ACPI: PCI Interrupt Link [LNKC] (IRQs 3 4 5 6 7 9 *10 11 14 15)
[    0.350316] ACPI: PCI Interrupt Link [LNKD] (IRQs 3 4 5 6 7 9 10 11 14 15) *0, disabled.
[    0.358596] ACPI: Enabled 2 GPEs in block 00 to 0F
[    0.358979] vgaarb: setting as boot device: PCI:0000:00:0f.0
[    0.359129] vgaarb: device added: PCI:0000:00:0f.0,decodes=io+mem,owns=io+mem,locks=none
[    0.359307] vgaarb: loaded
[    0.359430] vgaarb: bridge control possible 0000:00:0f.0
[    0.359655] SCSI subsystem initialized
[    0.359899] PCI: Using ACPI for IRQ routing
[    0.393974] PCI: pci_cache_line_size set to 64 bytes
[    0.395014] e820: reserve RAM buffer [mem 0x0009f800-0x0009ffff]
[    0.395016] e820: reserve RAM buffer [mem 0x7fef0000-0x7fffffff]
[    0.395348] hpet0: at MMIO 0xfed00000, IRQs 2, 8, 0, 0, 0, 0, 0, 0, 0, 0, 0, 0, 0, 0, 0, 0
[    0.396076] hpet0: 16 comparators, 64-bit 14.318180 MHz counter
[    0.399388] clocksource: Switched to clocksource hpet
[    0.399683] pnp: PnP ACPI init
[    0.400051] system 00:00: [io  0x1000-0x103f] could not be reserved
[    0.400209] system 00:00: [io  0x1040-0x104f] has been reserved
[    0.400431] system 00:00: [io  0x0cf0-0x0cf1] has been reserved
[    0.400597] system 00:00: Plug and Play ACPI device, IDs PNP0c02 (active)
[    0.400637] pnp 00:01: Plug and Play ACPI device, IDs PNP0b00 (active)
[    0.400663] pnp 00:02: Plug and Play ACPI device, IDs PNP0303 (active)
[    0.400686] pnp 00:03: Plug and Play ACPI device, IDs PNP0f13 (active)
[    0.400932] system 00:04: [mem 0xfed00000-0xfed003ff] has been reserved
[    0.401094] system 00:04: Plug and Play ACPI device, IDs PNP0103 PNP0c01 (active)
[    0.403289] pnp 00:05: Plug and Play ACPI device, IDs PNP0400 (active)
[    0.403575] pnp 00:06: Plug and Play ACPI device, IDs PNP0501 (active)
[    0.403833] pnp 00:07: Plug and Play ACPI device, IDs PNP0501 (active)
[    0.404043] pnp 00:08: [dma 2]
[    0.404089] pnp 00:08: Plug and Play ACPI device, IDs PNP0700 (active)
[    0.404341] system 00:09: [io  0xfce0-0xfcff] has been reserved
[    0.404517] system 00:09: [mem 0xf0000000-0xf7ffffff] has been reserved
[    0.404678] system 00:09: [mem 0xfe800000-0xfe9fffff] has been reserved
[    0.404838] system 00:09: Plug and Play ACPI device, IDs PNP0c02 (active)
[    0.410420] pnp: PnP ACPI: found 10 devices
[    0.416458] clocksource: acpi_pm: mask: 0xffffff max_cycles: 0xffffff, max_idle_ns: 2085701024 ns
[    0.417132] pci 0000:00:15.3: bridge window [io  0x1000-0x0fff] to [bus 06] add_size 1000
[    0.417206] pci 0000:00:15.4: bridge window [io  0x1000-0x0fff] to [bus 07] add_size 1000
[    0.417279] pci 0000:00:15.5: bridge window [io  0x1000-0x0fff] to [bus 08] add_size 1000
[    0.417353] pci 0000:00:15.6: bridge window [io  0x1000-0x0fff] to [bus 09] add_size 1000
[    0.417451] pci 0000:00:15.7: bridge window [io  0x1000-0x0fff] to [bus 0a] add_size 1000
[    0.417737] pci 0000:00:16.3: bridge window [io  0x1000-0x0fff] to [bus 0e] add_size 1000
[    0.417810] pci 0000:00:16.4: bridge window [io  0x1000-0x0fff] to [bus 0f] add_size 1000
[    0.417884] pci 0000:00:16.5: bridge window [io  0x1000-0x0fff] to [bus 10] add_size 1000
[    0.417959] pci 0000:00:16.6: bridge window [io  0x1000-0x0fff] to [bus 11] add_size 1000
[    0.418033] pci 0000:00:16.7: bridge window [io  0x1000-0x0fff] to [bus 12] add_size 1000
[    0.418320] pci 0000:00:17.3: bridge window [io  0x1000-0x0fff] to [bus 16] add_size 1000
[    0.418411] pci 0000:00:17.4: bridge window [io  0x1000-0x0fff] to [bus 17] add_size 1000
[    0.418487] pci 0000:00:17.5: bridge window [io  0x1000-0x0fff] to [bus 18] add_size 1000
[    0.418560] pci 0000:00:17.6: bridge window [io  0x1000-0x0fff] to [bus 19] add_size 1000
[    0.418635] pci 0000:00:17.7: bridge window [io  0x1000-0x0fff] to [bus 1a] add_size 1000
[    0.418851] pci 0000:00:18.2: bridge window [io  0x1000-0x0fff] to [bus 1d] add_size 1000
[    0.418927] pci 0000:00:18.3: bridge window [io  0x1000-0x0fff] to [bus 1e] add_size 1000
[    0.419003] pci 0000:00:18.4: bridge window [io  0x1000-0x0fff] to [bus 1f] add_size 1000
[    0.419080] pci 0000:00:18.5: bridge window [io  0x1000-0x0fff] to [bus 20] add_size 1000
[    0.419156] pci 0000:00:18.6: bridge window [io  0x1000-0x0fff] to [bus 21] add_size 1000
[    0.419232] pci 0000:00:18.7: bridge window [io  0x1000-0x0fff] to [bus 22] add_size 1000
[    0.419272] pci 0000:00:15.3: res[13]=[io  0x1000-0x0fff] res_to_dev_res add_size 1000 min_align 1000
[    0.419274] pci 0000:00:15.3: res[13]=[io  0x1000-0x1fff] res_to_dev_res add_size 1000 min_align 1000
[    0.419276] pci 0000:00:15.4: res[13]=[io  0x1000-0x0fff] res_to_dev_res add_size 1000 min_align 1000
[    0.419278] pci 0000:00:15.4: res[13]=[io  0x1000-0x1fff] res_to_dev_res add_size 1000 min_align 1000
[    0.419280] pci 0000:00:15.5: res[13]=[io  0x1000-0x0fff] res_to_dev_res add_size 1000 min_align 1000
[    0.419282] pci 0000:00:15.5: res[13]=[io  0x1000-0x1fff] res_to_dev_res add_size 1000 min_align 1000
[    0.419284] pci 0000:00:15.6: res[13]=[io  0x1000-0x0fff] res_to_dev_res add_size 1000 min_align 1000
[    0.419285] pci 0000:00:15.6: res[13]=[io  0x1000-0x1fff] res_to_dev_res add_size 1000 min_align 1000
[    0.419287] pci 0000:00:15.7: res[13]=[io  0x1000-0x0fff] res_to_dev_res add_size 1000 min_align 1000
[    0.419289] pci 0000:00:15.7: res[13]=[io  0x1000-0x1fff] res_to_dev_res add_size 1000 min_align 1000
[    0.419291] pci 0000:00:16.3: res[13]=[io  0x1000-0x0fff] res_to_dev_res add_size 1000 min_align 1000
[    0.419292] pci 0000:00:16.3: res[13]=[io  0x1000-0x1fff] res_to_dev_res add_size 1000 min_align 1000
[    0.419294] pci 0000:00:16.4: res[13]=[io  0x1000-0x0fff] res_to_dev_res add_size 1000 min_align 1000
[    0.419296] pci 0000:00:16.4: res[13]=[io  0x1000-0x1fff] res_to_dev_res add_size 1000 min_align 1000
[    0.419297] pci 0000:00:16.5: res[13]=[io  0x1000-0x0fff] res_to_dev_res add_size 1000 min_align 1000
[    0.419299] pci 0000:00:16.5: res[13]=[io  0x1000-0x1fff] res_to_dev_res add_size 1000 min_align 1000
[    0.419301] pci 0000:00:16.6: res[13]=[io  0x1000-0x0fff] res_to_dev_res add_size 1000 min_align 1000
[    0.419302] pci 0000:00:16.6: res[13]=[io  0x1000-0x1fff] res_to_dev_res add_size 1000 min_align 1000
[    0.419304] pci 0000:00:16.7: res[13]=[io  0x1000-0x0fff] res_to_dev_res add_size 1000 min_align 1000
[    0.419306] pci 0000:00:16.7: res[13]=[io  0x1000-0x1fff] res_to_dev_res add_size 1000 min_align 1000
[    0.419307] pci 0000:00:17.3: res[13]=[io  0x1000-0x0fff] res_to_dev_res add_size 1000 min_align 1000
[    0.419309] pci 0000:00:17.3: res[13]=[io  0x1000-0x1fff] res_to_dev_res add_size 1000 min_align 1000
[    0.419311] pci 0000:00:17.4: res[13]=[io  0x1000-0x0fff] res_to_dev_res add_size 1000 min_align 1000
[    0.419312] pci 0000:00:17.4: res[13]=[io  0x1000-0x1fff] res_to_dev_res add_size 1000 min_align 1000
[    0.419314] pci 0000:00:17.5: res[13]=[io  0x1000-0x0fff] res_to_dev_res add_size 1000 min_align 1000
[    0.419316] pci 0000:00:17.5: res[13]=[io  0x1000-0x1fff] res_to_dev_res add_size 1000 min_align 1000
[    0.419317] pci 0000:00:17.6: res[13]=[io  0x1000-0x0fff] res_to_dev_res add_size 1000 min_align 1000
[    0.419319] pci 0000:00:17.6: res[13]=[io  0x1000-0x1fff] res_to_dev_res add_size 1000 min_align 1000
[    0.419321] pci 0000:00:17.7: res[13]=[io  0x1000-0x0fff] res_to_dev_res add_size 1000 min_align 1000
[    0.419322] pci 0000:00:17.7: res[13]=[io  0x1000-0x1fff] res_to_dev_res add_size 1000 min_align 1000
[    0.419324] pci 0000:00:18.2: res[13]=[io  0x1000-0x0fff] res_to_dev_res add_size 1000 min_align 1000
[    0.419326] pci 0000:00:18.2: res[13]=[io  0x1000-0x1fff] res_to_dev_res add_size 1000 min_align 1000
[    0.419327] pci 0000:00:18.3: res[13]=[io  0x1000-0x0fff] res_to_dev_res add_size 1000 min_align 1000
[    0.419329] pci 0000:00:18.3: res[13]=[io  0x1000-0x1fff] res_to_dev_res add_size 1000 min_align 1000
[    0.419331] pci 0000:00:18.4: res[13]=[io  0x1000-0x0fff] res_to_dev_res add_size 1000 min_align 1000
[    0.419333] pci 0000:00:18.4: res[13]=[io  0x1000-0x1fff] res_to_dev_res add_size 1000 min_align 1000
[    0.419334] pci 0000:00:18.5: res[13]=[io  0x1000-0x0fff] res_to_dev_res add_size 1000 min_align 1000
[    0.419336] pci 0000:00:18.5: res[13]=[io  0x1000-0x1fff] res_to_dev_res add_size 1000 min_align 1000
[    0.419337] pci 0000:00:18.6: res[13]=[io  0x1000-0x0fff] res_to_dev_res add_size 1000 min_align 1000
[    0.419339] pci 0000:00:18.6: res[13]=[io  0x1000-0x1fff] res_to_dev_res add_size 1000 min_align 1000
[    0.419341] pci 0000:00:18.7: res[13]=[io  0x1000-0x0fff] res_to_dev_res add_size 1000 min_align 1000
[    0.419342] pci 0000:00:18.7: res[13]=[io  0x1000-0x1fff] res_to_dev_res add_size 1000 min_align 1000
[    0.419351] pci 0000:00:0f.0: BAR 6: assigned [mem 0x80000000-0x80007fff pref]
[    0.419561] pci 0000:00:10.0: BAR 6: assigned [mem 0x80008000-0x8000bfff pref]
[    0.419734] pci 0000:00:15.3: BAR 13: no space for [io  size 0x1000]
[    0.419892] pci 0000:00:15.3: BAR 13: failed to assign [io  size 0x1000]
[    0.420056] pci 0000:00:15.4: BAR 13: no space for [io  size 0x1000]
[    0.420214] pci 0000:00:15.4: BAR 13: failed to assign [io  size 0x1000]
[    0.420374] pci 0000:00:15.5: BAR 13: no space for [io  size 0x1000]
[    0.420542] pci 0000:00:15.5: BAR 13: failed to assign [io  size 0x1000]
[    0.420707] pci 0000:00:15.6: BAR 13: no space for [io  size 0x1000]
[    0.420863] pci 0000:00:15.6: BAR 13: failed to assign [io  size 0x1000]
[    0.421031] pci 0000:00:15.7: BAR 13: no space for [io  size 0x1000]
[    0.421187] pci 0000:00:15.7: BAR 13: failed to assign [io  size 0x1000]
[    0.421344] pci 0000:00:16.3: BAR 13: no space for [io  size 0x1000]
[    0.421512] pci 0000:00:16.3: BAR 13: failed to assign [io  size 0x1000]
[    0.421671] pci 0000:00:16.4: BAR 13: no space for [io  size 0x1000]
[    0.421825] pci 0000:00:16.4: BAR 13: failed to assign [io  size 0x1000]
[    0.421982] pci 0000:00:16.5: BAR 13: no space for [io  size 0x1000]
[    0.422137] pci 0000:00:16.5: BAR 13: failed to assign [io  size 0x1000]
[    0.422295] pci 0000:00:16.6: BAR 13: no space for [io  size 0x1000]
[    0.422463] pci 0000:00:16.6: BAR 13: failed to assign [io  size 0x1000]
[    0.422622] pci 0000:00:16.7: BAR 13: no space for [io  size 0x1000]
[    0.422777] pci 0000:00:16.7: BAR 13: failed to assign [io  size 0x1000]
[    0.422948] pci 0000:00:17.3: BAR 13: no space for [io  size 0x1000]
[    0.423106] pci 0000:00:17.3: BAR 13: failed to assign [io  size 0x1000]
[    0.423269] pci 0000:00:17.4: BAR 13: no space for [io  size 0x1000]
[    0.423440] pci 0000:00:17.4: BAR 13: failed to assign [io  size 0x1000]
[    0.423604] pci 0000:00:17.5: BAR 13: no space for [io  size 0x1000]
[    0.423760] pci 0000:00:17.5: BAR 13: failed to assign [io  size 0x1000]
[    0.423918] pci 0000:00:17.6: BAR 13: no space for [io  size 0x1000]
[    0.424073] pci 0000:00:17.6: BAR 13: failed to assign [io  size 0x1000]
[    0.424230] pci 0000:00:17.7: BAR 13: no space for [io  size 0x1000]
[    0.424396] pci 0000:00:17.7: BAR 13: failed to assign [io  size 0x1000]
[    0.424557] pci 0000:00:18.2: BAR 13: no space for [io  size 0x1000]
[    0.424711] pci 0000:00:18.2: BAR 13: failed to assign [io  size 0x1000]
[    0.424875] pci 0000:00:18.3: BAR 13: no space for [io  size 0x1000]
[    0.425030] pci 0000:00:18.3: BAR 13: failed to assign [io  size 0x1000]
[    0.425187] pci 0000:00:18.4: BAR 13: no space for [io  size 0x1000]
[    0.425343] pci 0000:00:18.4: BAR 13: failed to assign [io  size 0x1000]
[    0.425514] pci 0000:00:18.5: BAR 13: no space for [io  size 0x1000]
[    0.425671] pci 0000:00:18.5: BAR 13: failed to assign [io  size 0x1000]
[    0.425829] pci 0000:00:18.6: BAR 13: no space for [io  size 0x1000]
[    0.425985] pci 0000:00:18.6: BAR 13: failed to assign [io  size 0x1000]
[    0.426142] pci 0000:00:18.7: BAR 13: no space for [io  size 0x1000]
[    0.426298] pci 0000:00:18.7: BAR 13: failed to assign [io  size 0x1000]
[    0.426473] pci 0000:00:18.7: BAR 13: no space for [io  size 0x1000]
[    0.426630] pci 0000:00:18.7: BAR 13: failed to assign [io  size 0x1000]
[    0.426789] pci 0000:00:18.6: BAR 13: no space for [io  size 0x1000]
[    0.426945] pci 0000:00:18.6: BAR 13: failed to assign [io  size 0x1000]
[    0.427103] pci 0000:00:18.5: BAR 13: no space for [io  size 0x1000]
[    0.427259] pci 0000:00:18.5: BAR 13: failed to assign [io  size 0x1000]
[    0.427429] pci 0000:00:18.4: BAR 13: no space for [io  size 0x1000]
[    0.427587] pci 0000:00:18.4: BAR 13: failed to assign [io  size 0x1000]
[    0.427746] pci 0000:00:18.3: BAR 13: no space for [io  size 0x1000]
[    0.427911] pci 0000:00:18.3: BAR 13: failed to assign [io  size 0x1000]
[    0.428070] pci 0000:00:18.2: BAR 13: no space for [io  size 0x1000]
[    0.428226] pci 0000:00:18.2: BAR 13: failed to assign [io  size 0x1000]
[    0.428386] pci 0000:00:17.7: BAR 13: no space for [io  size 0x1000]
[    0.428553] pci 0000:00:17.7: BAR 13: failed to assign [io  size 0x1000]
[    0.428712] pci 0000:00:17.6: BAR 13: no space for [io  size 0x1000]
[    0.428868] pci 0000:00:17.6: BAR 13: failed to assign [io  size 0x1000]
[    0.429025] pci 0000:00:17.5: BAR 13: no space for [io  size 0x1000]
[    0.429182] pci 0000:00:17.5: BAR 13: failed to assign [io  size 0x1000]
[    0.429343] pci 0000:00:17.4: BAR 13: no space for [io  size 0x1000]
[    0.429510] pci 0000:00:17.4: BAR 13: failed to assign [io  size 0x1000]
[    0.429669] pci 0000:00:17.3: BAR 13: no space for [io  size 0x1000]
[    0.429825] pci 0000:00:17.3: BAR 13: failed to assign [io  size 0x1000]
[    0.429983] pci 0000:00:16.7: BAR 13: no space for [io  size 0x1000]
[    0.430139] pci 0000:00:16.7: BAR 13: failed to assign [io  size 0x1000]
[    0.430297] pci 0000:00:16.6: BAR 13: no space for [io  size 0x1000]
[    0.430465] pci 0000:00:16.6: BAR 13: failed to assign [io  size 0x1000]
[    0.430626] pci 0000:00:16.5: BAR 13: no space for [io  size 0x1000]
[    0.430782] pci 0000:00:16.5: BAR 13: failed to assign [io  size 0x1000]
[    0.430941] pci 0000:00:16.4: BAR 13: no space for [io  size 0x1000]
[    0.431095] pci 0000:00:16.4: BAR 13: failed to assign [io  size 0x1000]
[    0.431253] pci 0000:00:16.3: BAR 13: no space for [io  size 0x1000]
[    0.431419] pci 0000:00:16.3: BAR 13: failed to assign [io  size 0x1000]
[    0.431581] pci 0000:00:15.7: BAR 13: no space for [io  size 0x1000]
[    0.431737] pci 0000:00:15.7: BAR 13: failed to assign [io  size 0x1000]
[    0.431895] pci 0000:00:15.6: BAR 13: no space for [io  size 0x1000]
[    0.432051] pci 0000:00:15.6: BAR 13: failed to assign [io  size 0x1000]
[    0.432220] pci 0000:00:15.5: BAR 13: no space for [io  size 0x1000]
[    0.432376] pci 0000:00:15.5: BAR 13: failed to assign [io  size 0x1000]
[    0.432549] pci 0000:00:15.4: BAR 13: no space for [io  size 0x1000]
[    0.432705] pci 0000:00:15.4: BAR 13: failed to assign [io  size 0x1000]
[    0.432864] pci 0000:00:15.3: BAR 13: no space for [io  size 0x1000]
[    0.435019] pci 0000:00:15.3: BAR 13: failed to assign [io  size 0x1000]
[    0.435182] pci 0000:00:01.0: PCI bridge to [bus 01]
[    0.435464] pci 0000:02:00.0: BAR 6: assigned [mem 0xfd500000-0xfd50ffff pref]
[    0.435629] pci 0000:00:11.0: PCI bridge to [bus 02]
[    0.435793] pci 0000:00:11.0:   bridge window [io  0x2000-0x3fff]
[    0.435981] pci 0000:00:11.0:   bridge window [mem 0xfd500000-0xfdffffff]
[    0.436165] pci 0000:00:11.0:   bridge window [mem 0xebb00000-0xebffffff 64bit pref]
[    0.436407] pci 0000:00:15.0: PCI bridge to [bus 03]
[    0.436564] pci 0000:00:15.0:   bridge window [io  0x4000-0x4fff]
[    0.436752] pci 0000:00:15.0:   bridge window [mem 0xfd400000-0xfd4fffff]
[    0.436935] pci 0000:00:15.0:   bridge window [mem 0xeba00000-0xebafffff 64bit pref]
[    0.437195] pci 0000:00:15.1: PCI bridge to [bus 04]
[    0.437359] pci 0000:00:15.1:   bridge window [io  0x8000-0x8fff]
[    0.437566] pci 0000:00:15.1:   bridge window [mem 0xfd000000-0xfd0fffff]
[    0.437757] pci 0000:00:15.1:   bridge window [mem 0xeb600000-0xeb6fffff 64bit pref]
[    0.437998] pci 0000:00:15.2: PCI bridge to [bus 05]
[    0.438154] pci 0000:00:15.2:   bridge window [io  0xc000-0xcfff]
[    0.438341] pci 0000:00:15.2:   bridge window [mem 0xfcc00000-0xfccfffff]
[    0.438540] pci 0000:00:15.2:   bridge window [mem 0xeb200000-0xeb2fffff 64bit pref]
[    0.438771] pci 0000:00:15.3: PCI bridge to [bus 06]
[    0.438948] pci 0000:00:15.3:   bridge window [mem 0xfc800000-0xfc8fffff]
[    0.439131] pci 0000:00:15.3:   bridge window [mem 0xeae00000-0xeaefffff 64bit pref]
[    0.439361] pci 0000:00:15.4: PCI bridge to [bus 07]
[    0.439554] pci 0000:00:15.4:   bridge window [mem 0xfc400000-0xfc4fffff]
[    0.439739] pci 0000:00:15.4:   bridge window [mem 0xeaa00000-0xeaafffff 64bit pref]
[    0.439970] pci 0000:00:15.5: PCI bridge to [bus 08]
[    0.440157] pci 0000:00:15.5:   bridge window [mem 0xfc000000-0xfc0fffff]
[    0.440341] pci 0000:00:15.5:   bridge window [mem 0xea600000-0xea6fffff 64bit pref]
[    0.440588] pci 0000:00:15.6: PCI bridge to [bus 09]
[    0.440765] pci 0000:00:15.6:   bridge window [mem 0xfbc00000-0xfbcfffff]
[    0.440948] pci 0000:00:15.6:   bridge window [mem 0xea200000-0xea2fffff 64bit pref]
[    0.441177] pci 0000:00:15.7: PCI bridge to [bus 0a]
[    0.441354] pci 0000:00:15.7:   bridge window [mem 0xfb800000-0xfb8fffff]
[    0.441554] pci 0000:00:15.7:   bridge window [mem 0xe9e00000-0xe9efffff 64bit pref]
[    0.441784] pci 0000:00:16.0: PCI bridge to [bus 0b]
[    0.441938] pci 0000:00:16.0:   bridge window [io  0x5000-0x5fff]
[    0.442126] pci 0000:00:16.0:   bridge window [mem 0xfd300000-0xfd3fffff]
[    0.442309] pci 0000:00:16.0:   bridge window [mem 0xeb900000-0xeb9fffff 64bit pref]
[    0.442555] pci 0000:00:16.1: PCI bridge to [bus 0c]
[    0.442710] pci 0000:00:16.1:   bridge window [io  0x9000-0x9fff]
[    0.442897] pci 0000:00:16.1:   bridge window [mem 0xfcf00000-0xfcffffff]
[    0.443079] pci 0000:00:16.1:   bridge window [mem 0xeb500000-0xeb5fffff 64bit pref]
[    0.443308] pci 0000:00:16.2: PCI bridge to [bus 0d]
[    0.443475] pci 0000:00:16.2:   bridge window [io  0xd000-0xdfff]
[    0.443672] pci 0000:00:16.2:   bridge window [mem 0xfcb00000-0xfcbfffff]
[    0.443869] pci 0000:00:16.2:   bridge window [mem 0xeb100000-0xeb1fffff 64bit pref]
[    0.444101] pci 0000:00:16.3: PCI bridge to [bus 0e]
[    0.444278] pci 0000:00:16.3:   bridge window [mem 0xfc700000-0xfc7fffff]
[    0.444478] pci 0000:00:16.3:   bridge window [mem 0xead00000-0xeadfffff 64bit pref]
[    0.444709] pci 0000:00:16.4: PCI bridge to [bus 0f]
[    0.444890] pci 0000:00:16.4:   bridge window [mem 0xfc300000-0xfc3fffff]
[    0.445073] pci 0000:00:16.4:   bridge window [mem 0xea900000-0xea9fffff 64bit pref]
[    0.445303] pci 0000:00:16.5: PCI bridge to [bus 10]
[    0.445497] pci 0000:00:16.5:   bridge window [mem 0xfbf00000-0xfbffffff]
[    0.445691] pci 0000:00:16.5:   bridge window [mem 0xea500000-0xea5fffff 64bit pref]
[    0.445930] pci 0000:00:16.6: PCI bridge to [bus 11]
[    0.446107] pci 0000:00:16.6:   bridge window [mem 0xfbb00000-0xfbbfffff]
[    0.446289] pci 0000:00:16.6:   bridge window [mem 0xea100000-0xea1fffff 64bit pref]
[    0.446535] pci 0000:00:16.7: PCI bridge to [bus 12]
[    0.446712] pci 0000:00:16.7:   bridge window [mem 0xfb700000-0xfb7fffff]
[    0.446897] pci 0000:00:16.7:   bridge window [mem 0xe9d00000-0xe9dfffff 64bit pref]
[    0.447126] pci 0000:00:17.0: PCI bridge to [bus 13]
[    0.447280] pci 0000:00:17.0:   bridge window [io  0x6000-0x6fff]
[    0.447482] pci 0000:00:17.0:   bridge window [mem 0xfd200000-0xfd2fffff]
[    0.447666] pci 0000:00:17.0:   bridge window [mem 0xeb800000-0xeb8fffff 64bit pref]
[    0.447896] pci 0000:00:17.1: PCI bridge to [bus 14]
[    0.448050] pci 0000:00:17.1:   bridge window [io  0xa000-0xafff]
[    0.448237] pci 0000:00:17.1:   bridge window [mem 0xfce00000-0xfcefffff]
[    0.448435] pci 0000:00:17.1:   bridge window [mem 0xeb400000-0xeb4fffff 64bit pref]
[    0.448666] pci 0000:00:17.2: PCI bridge to [bus 15]
[    0.448819] pci 0000:00:17.2:   bridge window [io  0xe000-0xefff]
[    0.449007] pci 0000:00:17.2:   bridge window [mem 0xfca00000-0xfcafffff]
[    0.449190] pci 0000:00:17.2:   bridge window [mem 0xeb000000-0xeb0fffff 64bit pref]
[    0.449438] pci 0000:00:17.3: PCI bridge to [bus 16]
[    0.449626] pci 0000:00:17.3:   bridge window [mem 0xfc600000-0xfc6fffff]
[    0.449809] pci 0000:00:17.3:   bridge window [mem 0xeac00000-0xeacfffff 64bit pref]
[    0.450039] pci 0000:00:17.4: PCI bridge to [bus 17]
[    0.450216] pci 0000:00:17.4:   bridge window [mem 0xfc200000-0xfc2fffff]
[    0.450416] pci 0000:00:17.4:   bridge window [mem 0xea800000-0xea8fffff 64bit pref]
[    0.450649] pci 0000:00:17.5: PCI bridge to [bus 18]
[    0.450825] pci 0000:00:17.5:   bridge window [mem 0xfbe00000-0xfbefffff]
[    0.451008] pci 0000:00:17.5:   bridge window [mem 0xea400000-0xea4fffff 64bit pref]
[    0.451237] pci 0000:00:17.6: PCI bridge to [bus 19]
[    0.451429] pci 0000:00:17.6:   bridge window [mem 0xfba00000-0xfbafffff]
[    0.451622] pci 0000:00:17.6:   bridge window [mem 0xea000000-0xea0fffff 64bit pref]
[    0.451855] pci 0000:00:17.7: PCI bridge to [bus 1a]
[    0.452033] pci 0000:00:17.7:   bridge window [mem 0xfb600000-0xfb6fffff]
[    0.452216] pci 0000:00:17.7:   bridge window [mem 0xe9c00000-0xe9cfffff 64bit pref]
[    0.452461] pci 0000:00:18.0: PCI bridge to [bus 1b]
[    0.452625] pci 0000:00:18.0:   bridge window [io  0x7000-0x7fff]
[    0.452813] pci 0000:00:18.0:   bridge window [mem 0xfd100000-0xfd1fffff]
[    0.453004] pci 0000:00:18.0:   bridge window [mem 0xeb700000-0xeb7fffff 64bit pref]
[    0.453233] pci 0000:00:18.1: PCI bridge to [bus 1c]
[    0.453401] pci 0000:00:18.1:   bridge window [io  0xb000-0xbfff]
[    0.453592] pci 0000:00:18.1:   bridge window [mem 0xfcd00000-0xfcdfffff]
[    0.453775] pci 0000:00:18.1:   bridge window [mem 0xeb300000-0xeb3fffff 64bit pref]
[    0.454006] pci 0000:00:18.2: PCI bridge to [bus 1d]
[    0.454183] pci 0000:00:18.2:   bridge window [mem 0xfc900000-0xfc9fffff]
[    0.454366] pci 0000:00:18.2:   bridge window [mem 0xeaf00000-0xeaffffff 64bit pref]
[    0.454612] pci 0000:00:18.3: PCI bridge to [bus 1e]
[    0.454790] pci 0000:00:18.3:   bridge window [mem 0xfc500000-0xfc5fffff]
[    0.454977] pci 0000:00:18.3:   bridge window [mem 0xeab00000-0xeabfffff 64bit pref]
[    0.455207] pci 0000:00:18.4: PCI bridge to [bus 1f]
[    0.455387] pci 0000:00:18.4:   bridge window [mem 0xfc100000-0xfc1fffff]
[    0.455586] pci 0000:00:18.4:   bridge window [mem 0xea700000-0xea7fffff 64bit pref]
[    0.455828] pci 0000:00:18.5: PCI bridge to [bus 20]
[    0.456008] pci 0000:00:18.5:   bridge window [mem 0xfbd00000-0xfbdfffff]
[    0.456192] pci 0000:00:18.5:   bridge window [mem 0xea300000-0xea3fffff 64bit pref]
[    0.456436] pci 0000:00:18.6: PCI bridge to [bus 21]
[    0.456614] pci 0000:00:18.6:   bridge window [mem 0xfb900000-0xfb9fffff]
[    0.456797] pci 0000:00:18.6:   bridge window [mem 0xe9f00000-0xe9ffffff 64bit pref]
[    0.457026] pci 0000:00:18.7: PCI bridge to [bus 22]
[    0.457203] pci 0000:00:18.7:   bridge window [mem 0xfb500000-0xfb5fffff]
[    0.457400] pci 0000:00:18.7:   bridge window [mem 0xe9b00000-0xe9bfffff 64bit pref]
[    0.457636] pci_bus 0000:00: resource 4 [mem 0x000a0000-0x000bffff window]
[    0.457638] pci_bus 0000:00: resource 5 [mem 0x000cc000-0x000cffff window]
[    0.457640] pci_bus 0000:00: resource 6 [mem 0x000d0000-0x000d3fff window]
[    0.457641] pci_bus 0000:00: resource 7 [mem 0x000d4000-0x000d7fff window]
[    0.457643] pci_bus 0000:00: resource 8 [mem 0x000d8000-0x000dbfff window]
[    0.457644] pci_bus 0000:00: resource 9 [mem 0x80000000-0xfebfffff window]
[    0.457646] pci_bus 0000:00: resource 10 [io  0x0000-0x0cf7 window]
[    0.457648] pci_bus 0000:00: resource 11 [io  0x0d00-0xfeff window]
[    0.457650] pci_bus 0000:02: resource 0 [io  0x2000-0x3fff]
[    0.457652] pci_bus 0000:02: resource 1 [mem 0xfd500000-0xfdffffff]
[    0.457653] pci_bus 0000:02: resource 2 [mem 0xebb00000-0xebffffff 64bit pref]
[    0.457655] pci_bus 0000:02: resource 4 [mem 0x000a0000-0x000bffff window]
[    0.457656] pci_bus 0000:02: resource 5 [mem 0x000cc000-0x000cffff window]
[    0.457658] pci_bus 0000:02: resource 6 [mem 0x000d0000-0x000d3fff window]
[    0.457659] pci_bus 0000:02: resource 7 [mem 0x000d4000-0x000d7fff window]
[    0.457661] pci_bus 0000:02: resource 8 [mem 0x000d8000-0x000dbfff window]
[    0.457662] pci_bus 0000:02: resource 9 [mem 0x80000000-0xfebfffff window]
[    0.457664] pci_bus 0000:02: resource 10 [io  0x0000-0x0cf7 window]
[    0.457665] pci_bus 0000:02: resource 11 [io  0x0d00-0xfeff window]
[    0.457667] pci_bus 0000:03: resource 0 [io  0x4000-0x4fff]
[    0.457668] pci_bus 0000:03: resource 1 [mem 0xfd400000-0xfd4fffff]
[    0.457670] pci_bus 0000:03: resource 2 [mem 0xeba00000-0xebafffff 64bit pref]
[    0.457672] pci_bus 0000:04: resource 0 [io  0x8000-0x8fff]
[    0.457673] pci_bus 0000:04: resource 1 [mem 0xfd000000-0xfd0fffff]
[    0.457674] pci_bus 0000:04: resource 2 [mem 0xeb600000-0xeb6fffff 64bit pref]
[    0.457676] pci_bus 0000:05: resource 0 [io  0xc000-0xcfff]
[    0.457677] pci_bus 0000:05: resource 1 [mem 0xfcc00000-0xfccfffff]
[    0.457679] pci_bus 0000:05: resource 2 [mem 0xeb200000-0xeb2fffff 64bit pref]
[    0.457680] pci_bus 0000:06: resource 1 [mem 0xfc800000-0xfc8fffff]
[    0.457682] pci_bus 0000:06: resource 2 [mem 0xeae00000-0xeaefffff 64bit pref]
[    0.457683] pci_bus 0000:07: resource 1 [mem 0xfc400000-0xfc4fffff]
[    0.457685] pci_bus 0000:07: resource 2 [mem 0xeaa00000-0xeaafffff 64bit pref]
[    0.457687] pci_bus 0000:08: resource 1 [mem 0xfc000000-0xfc0fffff]
[    0.457688] pci_bus 0000:08: resource 2 [mem 0xea600000-0xea6fffff 64bit pref]
[    0.457690] pci_bus 0000:09: resource 1 [mem 0xfbc00000-0xfbcfffff]
[    0.457691] pci_bus 0000:09: resource 2 [mem 0xea200000-0xea2fffff 64bit pref]
[    0.457693] pci_bus 0000:0a: resource 1 [mem 0xfb800000-0xfb8fffff]
[    0.457694] pci_bus 0000:0a: resource 2 [mem 0xe9e00000-0xe9efffff 64bit pref]
[    0.457696] pci_bus 0000:0b: resource 0 [io  0x5000-0x5fff]
[    0.457697] pci_bus 0000:0b: resource 1 [mem 0xfd300000-0xfd3fffff]
[    0.457698] pci_bus 0000:0b: resource 2 [mem 0xeb900000-0xeb9fffff 64bit pref]
[    0.457700] pci_bus 0000:0c: resource 0 [io  0x9000-0x9fff]
[    0.457701] pci_bus 0000:0c: resource 1 [mem 0xfcf00000-0xfcffffff]
[    0.457703] pci_bus 0000:0c: resource 2 [mem 0xeb500000-0xeb5fffff 64bit pref]
[    0.457704] pci_bus 0000:0d: resource 0 [io  0xd000-0xdfff]
[    0.457706] pci_bus 0000:0d: resource 1 [mem 0xfcb00000-0xfcbfffff]
[    0.457707] pci_bus 0000:0d: resource 2 [mem 0xeb100000-0xeb1fffff 64bit pref]
[    0.457709] pci_bus 0000:0e: resource 1 [mem 0xfc700000-0xfc7fffff]
[    0.457710] pci_bus 0000:0e: resource 2 [mem 0xead00000-0xeadfffff 64bit pref]
[    0.457712] pci_bus 0000:0f: resource 1 [mem 0xfc300000-0xfc3fffff]
[    0.457713] pci_bus 0000:0f: resource 2 [mem 0xea900000-0xea9fffff 64bit pref]
[    0.457715] pci_bus 0000:10: resource 1 [mem 0xfbf00000-0xfbffffff]
[    0.457716] pci_bus 0000:10: resource 2 [mem 0xea500000-0xea5fffff 64bit pref]
[    0.457718] pci_bus 0000:11: resource 1 [mem 0xfbb00000-0xfbbfffff]
[    0.457719] pci_bus 0000:11: resource 2 [mem 0xea100000-0xea1fffff 64bit pref]
[    0.457721] pci_bus 0000:12: resource 1 [mem 0xfb700000-0xfb7fffff]
[    0.457722] pci_bus 0000:12: resource 2 [mem 0xe9d00000-0xe9dfffff 64bit pref]
[    0.457724] pci_bus 0000:13: resource 0 [io  0x6000-0x6fff]
[    0.457725] pci_bus 0000:13: resource 1 [mem 0xfd200000-0xfd2fffff]
[    0.457726] pci_bus 0000:13: resource 2 [mem 0xeb800000-0xeb8fffff 64bit pref]
[    0.457728] pci_bus 0000:14: resource 0 [io  0xa000-0xafff]
[    0.457729] pci_bus 0000:14: resource 1 [mem 0xfce00000-0xfcefffff]
[    0.457731] pci_bus 0000:14: resource 2 [mem 0xeb400000-0xeb4fffff 64bit pref]
[    0.457732] pci_bus 0000:15: resource 0 [io  0xe000-0xefff]
[    0.457734] pci_bus 0000:15: resource 1 [mem 0xfca00000-0xfcafffff]
[    0.457735] pci_bus 0000:15: resource 2 [mem 0xeb000000-0xeb0fffff 64bit pref]
[    0.457737] pci_bus 0000:16: resource 1 [mem 0xfc600000-0xfc6fffff]
[    0.457738] pci_bus 0000:16: resource 2 [mem 0xeac00000-0xeacfffff 64bit pref]
[    0.457739] pci_bus 0000:17: resource 1 [mem 0xfc200000-0xfc2fffff]
[    0.457741] pci_bus 0000:17: resource 2 [mem 0xea800000-0xea8fffff 64bit pref]
[    0.457742] pci_bus 0000:18: resource 1 [mem 0xfbe00000-0xfbefffff]
[    0.457744] pci_bus 0000:18: resource 2 [mem 0xea400000-0xea4fffff 64bit pref]
[    0.457745] pci_bus 0000:19: resource 1 [mem 0xfba00000-0xfbafffff]
[    0.457747] pci_bus 0000:19: resource 2 [mem 0xea000000-0xea0fffff 64bit pref]
[    0.457748] pci_bus 0000:1a: resource 1 [mem 0xfb600000-0xfb6fffff]
[    0.457750] pci_bus 0000:1a: resource 2 [mem 0xe9c00000-0xe9cfffff 64bit pref]
[    0.457751] pci_bus 0000:1b: resource 0 [io  0x7000-0x7fff]
[    0.457752] pci_bus 0000:1b: resource 1 [mem 0xfd100000-0xfd1fffff]
[    0.457754] pci_bus 0000:1b: resource 2 [mem 0xeb700000-0xeb7fffff 64bit pref]
[    0.457756] pci_bus 0000:1c: resource 0 [io  0xb000-0xbfff]
[    0.457757] pci_bus 0000:1c: resource 1 [mem 0xfcd00000-0xfcdfffff]
[    0.457758] pci_bus 0000:1c: resource 2 [mem 0xeb300000-0xeb3fffff 64bit pref]
[    0.457760] pci_bus 0000:1d: resource 1 [mem 0xfc900000-0xfc9fffff]
[    0.457762] pci_bus 0000:1d: resource 2 [mem 0xeaf00000-0xeaffffff 64bit pref]
[    0.457763] pci_bus 0000:1e: resource 1 [mem 0xfc500000-0xfc5fffff]
[    0.457765] pci_bus 0000:1e: resource 2 [mem 0xeab00000-0xeabfffff 64bit pref]
[    0.457766] pci_bus 0000:1f: resource 1 [mem 0xfc100000-0xfc1fffff]
[    0.457767] pci_bus 0000:1f: resource 2 [mem 0xea700000-0xea7fffff 64bit pref]
[    0.457769] pci_bus 0000:20: resource 1 [mem 0xfbd00000-0xfbdfffff]
[    0.457770] pci_bus 0000:20: resource 2 [mem 0xea300000-0xea3fffff 64bit pref]
[    0.457772] pci_bus 0000:21: resource 1 [mem 0xfb900000-0xfb9fffff]
[    0.457773] pci_bus 0000:21: resource 2 [mem 0xe9f00000-0xe9ffffff 64bit pref]
[    0.457775] pci_bus 0000:22: resource 1 [mem 0xfb500000-0xfb5fffff]
[    0.457776] pci_bus 0000:22: resource 2 [mem 0xe9b00000-0xe9bfffff 64bit pref]
[    0.457820] NET: Registered protocol family 2
[    0.458143] TCP established hash table entries: 16384 (order: 5, 131072 bytes)
[    0.458344] TCP bind hash table entries: 16384 (order: 5, 131072 bytes)
[    0.458543] TCP: Hash tables configured (established 16384 bind 16384)
[    0.458740] UDP hash table entries: 1024 (order: 3, 32768 bytes)
[    0.458899] UDP-Lite hash table entries: 1024 (order: 3, 32768 bytes)
[    0.459099] NET: Registered protocol family 1
[    0.459301] RPC: Registered named UNIX socket transport module.
[    0.459470] RPC: Registered udp transport module.
[    0.459607] RPC: Registered tcp transport module.
[    0.459742] RPC: Registered tcp NFSv4.1 backchannel transport module.
[    0.459910] pci 0000:00:00.0: Limiting direct PCI/PCI transfers
[    0.460192] pci 0000:00:0f.0: Video device with shadowed ROM at [mem 0x000c0000-0x000dffff]
[    0.460832] PCI: CLS mismatch (32 != 64), using 64 bytes
[    0.460897] Unpacking initramfs...
[    0.788477] Freeing initrd memory: 15356K (ffff8800361f2000 - ffff8800370f1000)
[    0.788781] RAPL PMU: API unit is 2^-32 Joules, 3 fixed counters, 10737418240 ms ovfl timer
[    0.788960] RAPL PMU: hw unit of domain pp0-core 2^-0 Joules
[    0.789106] RAPL PMU: hw unit of domain package 2^-0 Joules
[    0.789250] RAPL PMU: hw unit of domain dram 2^-0 Joules
[    0.789422] clocksource: tsc: mask: 0xffffffffffffffff max_cycles: 0x19f2297dd97, max_idle_ns: 440795236593 ns
[    0.789692] clocksource: Switched to clocksource tsc
[    0.790748] futex hash table entries: 256 (order: 0, 6144 bytes)
[    0.790934] audit: initializing netlink subsys (disabled)
[    0.791155] audit: type=2000 audit(1474861537.683:1): initialized
[    0.791612] Initialise system trusted keyring
[    0.791797] workingset: timestamp_bits=44 max_order=19 bucket_order=0
[    0.793844] zbud: loaded
[    0.794736] Key type big_key registered
[    0.897235] NET: Registered protocol family 38
[    0.897482] Key type asymmetric registered
[    0.897681] Asymmetric key parser 'x509' registered
[    0.897975] Block layer SCSI generic (bsg) driver version 0.4 loaded (major 251)
[    0.898295] io scheduler noop registered
[    0.898518] io scheduler deadline registered (default)
[    0.898799] io scheduler cfq registered
[    0.930647] pcieport 0000:00:15.0: Signaling PME through PCIe PME interrupt
[    0.930942] pcie_pme 0000:00:15.0:pcie01: service driver pcie_pme loaded
[    0.931141] pcieport 0000:00:15.1: Signaling PME through PCIe PME interrupt
[    0.931440] pcie_pme 0000:00:15.1:pcie01: service driver pcie_pme loaded
[    0.931642] pcieport 0000:00:15.2: Signaling PME through PCIe PME interrupt
[    0.931926] pcie_pme 0000:00:15.2:pcie01: service driver pcie_pme loaded
[    0.932123] pcieport 0000:00:15.3: Signaling PME through PCIe PME interrupt
[    0.932437] pcie_pme 0000:00:15.3:pcie01: service driver pcie_pme loaded
[    0.932635] pcieport 0000:00:15.4: Signaling PME through PCIe PME interrupt
[    0.932920] pcie_pme 0000:00:15.4:pcie01: service driver pcie_pme loaded
[    0.933115] pcieport 0000:00:15.5: Signaling PME through PCIe PME interrupt
[    0.933415] pcie_pme 0000:00:15.5:pcie01: service driver pcie_pme loaded
[    0.933615] pcieport 0000:00:15.6: Signaling PME through PCIe PME interrupt
[    0.933899] pcie_pme 0000:00:15.6:pcie01: service driver pcie_pme loaded
[    0.934096] pcieport 0000:00:15.7: Signaling PME through PCIe PME interrupt
[    0.934379] pcie_pme 0000:00:15.7:pcie01: service driver pcie_pme loaded
[    0.934590] pcieport 0000:00:16.0: Signaling PME through PCIe PME interrupt
[    0.934879] pcie_pme 0000:00:16.0:pcie01: service driver pcie_pme loaded
[    0.935077] pcieport 0000:00:16.1: Signaling PME through PCIe PME interrupt
[    0.935365] pcie_pme 0000:00:16.1:pcie01: service driver pcie_pme loaded
[    0.935581] pcieport 0000:00:16.2: Signaling PME through PCIe PME interrupt
[    0.935866] pcie_pme 0000:00:16.2:pcie01: service driver pcie_pme loaded
[    0.936062] pcieport 0000:00:16.3: Signaling PME through PCIe PME interrupt
[    0.936359] pcie_pme 0000:00:16.3:pcie01: service driver pcie_pme loaded
[    0.936569] pcieport 0000:00:16.4: Signaling PME through PCIe PME interrupt
[    0.936853] pcie_pme 0000:00:16.4:pcie01: service driver pcie_pme loaded
[    0.937049] pcieport 0000:00:16.5: Signaling PME through PCIe PME interrupt
[    0.937333] pcie_pme 0000:00:16.5:pcie01: service driver pcie_pme loaded
[    0.937546] pcieport 0000:00:16.6: Signaling PME through PCIe PME interrupt
[    0.937831] pcie_pme 0000:00:16.6:pcie01: service driver pcie_pme loaded
[    0.938029] pcieport 0000:00:16.7: Signaling PME through PCIe PME interrupt
[    0.938312] pcie_pme 0000:00:16.7:pcie01: service driver pcie_pme loaded
[    0.938530] pcieport 0000:00:17.0: Signaling PME through PCIe PME interrupt
[    0.938828] pcie_pme 0000:00:17.0:pcie01: service driver pcie_pme loaded
[    0.939025] pcieport 0000:00:17.1: Signaling PME through PCIe PME interrupt
[    0.939308] pcie_pme 0000:00:17.1:pcie01: service driver pcie_pme loaded
[    0.939521] pcieport 0000:00:17.2: Signaling PME through PCIe PME interrupt
[    0.939806] pcie_pme 0000:00:17.2:pcie01: service driver pcie_pme loaded
[    0.940004] pcieport 0000:00:17.3: Signaling PME through PCIe PME interrupt
[    0.940286] pcie_pme 0000:00:17.3:pcie01: service driver pcie_pme loaded
[    0.940498] pcieport 0000:00:17.4: Signaling PME through PCIe PME interrupt
[    0.940784] pcie_pme 0000:00:17.4:pcie01: service driver pcie_pme loaded
[    0.940982] pcieport 0000:00:17.5: Signaling PME through PCIe PME interrupt
[    0.941279] pcie_pme 0000:00:17.5:pcie01: service driver pcie_pme loaded
[    0.941493] pcieport 0000:00:17.6: Signaling PME through PCIe PME interrupt
[    0.941781] pcie_pme 0000:00:17.6:pcie01: service driver pcie_pme loaded
[    0.941980] pcieport 0000:00:17.7: Signaling PME through PCIe PME interrupt
[    0.942272] pcie_pme 0000:00:17.7:pcie01: service driver pcie_pme loaded
[    0.942484] pcieport 0000:00:18.0: Signaling PME through PCIe PME interrupt
[    0.942774] pcie_pme 0000:00:18.0:pcie01: service driver pcie_pme loaded
[    0.942972] pcieport 0000:00:18.1: Signaling PME through PCIe PME interrupt
[    0.943256] pcie_pme 0000:00:18.1:pcie01: service driver pcie_pme loaded
[    0.943469] pcieport 0000:00:18.2: Signaling PME through PCIe PME interrupt
[    0.943755] pcie_pme 0000:00:18.2:pcie01: service driver pcie_pme loaded
[    0.943952] pcieport 0000:00:18.3: Signaling PME through PCIe PME interrupt
[    0.944235] pcie_pme 0000:00:18.3:pcie01: service driver pcie_pme loaded
[    0.944446] pcieport 0000:00:18.4: Signaling PME through PCIe PME interrupt
[    0.944732] pcie_pme 0000:00:18.4:pcie01: service driver pcie_pme loaded
[    0.944935] pcieport 0000:00:18.5: Signaling PME through PCIe PME interrupt
[    0.948246] pcie_pme 0000:00:18.5:pcie01: service driver pcie_pme loaded
[    0.948459] pcieport 0000:00:18.6: Signaling PME through PCIe PME interrupt
[    0.948746] pcie_pme 0000:00:18.6:pcie01: service driver pcie_pme loaded
[    0.948944] pcieport 0000:00:18.7: Signaling PME through PCIe PME interrupt
[    0.949241] pcie_pme 0000:00:18.7:pcie01: service driver pcie_pme loaded
[    0.949257] pci_hotplug: PCI Hot Plug PCI Core version: 0.5
[    0.949570] pciehp 0000:00:15.0:pcie04: Slot #160 AttnBtn+ PwrCtrl+ MRL- AttnInd- PwrInd- HotPlug+ Surprise- Interlock- NoCompl+ LLActRep+
[    0.950115] pciehp 0000:00:15.0:pcie04: service driver pciehp loaded
[    0.950182] pciehp 0000:00:15.1:pcie04: Slot #161 AttnBtn+ PwrCtrl+ MRL- AttnInd- PwrInd- HotPlug+ Surprise- Interlock- NoCompl+ LLActRep+
[    0.950730] pciehp 0000:00:15.1:pcie04: service driver pciehp loaded
[    0.950796] pciehp 0000:00:15.2:pcie04: Slot #162 AttnBtn+ PwrCtrl+ MRL- AttnInd- PwrInd- HotPlug+ Surprise- Interlock- NoCompl+ LLActRep+
[    0.951327] pciehp 0000:00:15.2:pcie04: service driver pciehp loaded
[    0.951408] pciehp 0000:00:15.3:pcie04: Slot #163 AttnBtn+ PwrCtrl+ MRL- AttnInd- PwrInd- HotPlug+ Surprise- Interlock- NoCompl+ LLActRep+
[    0.951940] pciehp 0000:00:15.3:pcie04: service driver pciehp loaded
[    0.952006] pciehp 0000:00:15.4:pcie04: Slot #164 AttnBtn+ PwrCtrl+ MRL- AttnInd- PwrInd- HotPlug+ Surprise- Interlock- NoCompl+ LLActRep+
[    0.952565] pciehp 0000:00:15.4:pcie04: service driver pciehp loaded
[    0.952630] pciehp 0000:00:15.5:pcie04: Slot #165 AttnBtn+ PwrCtrl+ MRL- AttnInd- PwrInd- HotPlug+ Surprise- Interlock- NoCompl+ LLActRep+
[    0.953160] pciehp 0000:00:15.5:pcie04: service driver pciehp loaded
[    0.953229] pciehp 0000:00:15.6:pcie04: Slot #166 AttnBtn+ PwrCtrl+ MRL- AttnInd- PwrInd- HotPlug+ Surprise- Interlock- NoCompl+ LLActRep+
[    0.953778] pciehp 0000:00:15.6:pcie04: service driver pciehp loaded
[    0.953846] pciehp 0000:00:15.7:pcie04: Slot #167 AttnBtn+ PwrCtrl+ MRL- AttnInd- PwrInd- HotPlug+ Surprise- Interlock- NoCompl+ LLActRep+
[    0.954377] pciehp 0000:00:15.7:pcie04: service driver pciehp loaded
[    0.954459] pciehp 0000:00:16.0:pcie04: Slot #192 AttnBtn+ PwrCtrl+ MRL- AttnInd- PwrInd- HotPlug+ Surprise- Interlock- NoCompl+ LLActRep+
[    0.954998] pciehp 0000:00:16.0:pcie04: service driver pciehp loaded
[    0.955065] pciehp 0000:00:16.1:pcie04: Slot #193 AttnBtn+ PwrCtrl+ MRL- AttnInd- PwrInd- HotPlug+ Surprise- Interlock- NoCompl+ LLActRep+
[    0.955611] pciehp 0000:00:16.1:pcie04: service driver pciehp loaded
[    0.955687] pciehp 0000:00:16.2:pcie04: Slot #194 AttnBtn+ PwrCtrl+ MRL- AttnInd- PwrInd- HotPlug+ Surprise- Interlock- NoCompl+ LLActRep+
[    0.956234] pciehp 0000:00:16.2:pcie04: service driver pciehp loaded
[    0.956300] pciehp 0000:00:16.3:pcie04: Slot #195 AttnBtn+ PwrCtrl+ MRL- AttnInd- PwrInd- HotPlug+ Surprise- Interlock- NoCompl+ LLActRep+
[    0.956862] pciehp 0000:00:16.3:pcie04: service driver pciehp loaded
[    0.956928] pciehp 0000:00:16.4:pcie04: Slot #196 AttnBtn+ PwrCtrl+ MRL- AttnInd- PwrInd- HotPlug+ Surprise- Interlock- NoCompl+ LLActRep+
[    0.957476] pciehp 0000:00:16.4:pcie04: service driver pciehp loaded
[    0.957544] pciehp 0000:00:16.5:pcie04: Slot #197 AttnBtn+ PwrCtrl+ MRL- AttnInd- PwrInd- HotPlug+ Surprise- Interlock- NoCompl+ LLActRep+
[    0.958074] pciehp 0000:00:16.5:pcie04: service driver pciehp loaded
[    0.958139] pciehp 0000:00:16.6:pcie04: Slot #198 AttnBtn+ PwrCtrl+ MRL- AttnInd- PwrInd- HotPlug+ Surprise- Interlock- NoCompl+ LLActRep+
[    0.958687] pciehp 0000:00:16.6:pcie04: service driver pciehp loaded
[    0.958753] pciehp 0000:00:16.7:pcie04: Slot #199 AttnBtn+ PwrCtrl+ MRL- AttnInd- PwrInd- HotPlug+ Surprise- Interlock- NoCompl+ LLActRep+
[    0.959283] pciehp 0000:00:16.7:pcie04: service driver pciehp loaded
[    0.959349] pciehp 0000:00:17.0:pcie04: Slot #224 AttnBtn+ PwrCtrl+ MRL- AttnInd- PwrInd- HotPlug+ Surprise- Interlock- NoCompl+ LLActRep+
[    0.959899] pciehp 0000:00:17.0:pcie04: service driver pciehp loaded
[    0.959965] pciehp 0000:00:17.1:pcie04: Slot #225 AttnBtn+ PwrCtrl+ MRL- AttnInd- PwrInd- HotPlug+ Surprise- Interlock- NoCompl+ LLActRep+
[    0.960509] pciehp 0000:00:17.1:pcie04: service driver pciehp loaded
[    0.960575] pciehp 0000:00:17.2:pcie04: Slot #226 AttnBtn+ PwrCtrl+ MRL- AttnInd- PwrInd- HotPlug+ Surprise- Interlock- NoCompl+ LLActRep+
[    0.961107] pciehp 0000:00:17.2:pcie04: service driver pciehp loaded
[    0.961172] pciehp 0000:00:17.3:pcie04: Slot #227 AttnBtn+ PwrCtrl+ MRL- AttnInd- PwrInd- HotPlug+ Surprise- Interlock- NoCompl+ LLActRep+
[    0.961720] pciehp 0000:00:17.3:pcie04: service driver pciehp loaded
[    0.961788] pciehp 0000:00:17.4:pcie04: Slot #228 AttnBtn+ PwrCtrl+ MRL- AttnInd- PwrInd- HotPlug+ Surprise- Interlock- NoCompl+ LLActRep+
[    0.962320] pciehp 0000:00:17.4:pcie04: service driver pciehp loaded
[    0.962390] pciehp 0000:00:17.5:pcie04: Slot #229 AttnBtn+ PwrCtrl+ MRL- AttnInd- PwrInd- HotPlug+ Surprise- Interlock- NoCompl+ LLActRep+
[    0.962932] pciehp 0000:00:17.5:pcie04: service driver pciehp loaded
[    0.963000] pciehp 0000:00:17.6:pcie04: Slot #230 AttnBtn+ PwrCtrl+ MRL- AttnInd- PwrInd- HotPlug+ Surprise- Interlock- NoCompl+ LLActRep+
[    0.963546] pciehp 0000:00:17.6:pcie04: service driver pciehp loaded
[    0.963611] pciehp 0000:00:17.7:pcie04: Slot #231 AttnBtn+ PwrCtrl+ MRL- AttnInd- PwrInd- HotPlug+ Surprise- Interlock- NoCompl+ LLActRep+
[    0.964142] pciehp 0000:00:17.7:pcie04: service driver pciehp loaded
[    0.964207] pciehp 0000:00:18.0:pcie04: Slot #256 AttnBtn+ PwrCtrl+ MRL- AttnInd- PwrInd- HotPlug+ Surprise- Interlock- NoCompl+ LLActRep+
[    0.964755] pciehp 0000:00:18.0:pcie04: service driver pciehp loaded
[    0.964821] pciehp 0000:00:18.1:pcie04: Slot #257 AttnBtn+ PwrCtrl+ MRL- AttnInd- PwrInd- HotPlug+ Surprise- Interlock- NoCompl+ LLActRep+
[    0.965361] pciehp 0000:00:18.1:pcie04: service driver pciehp loaded
[    0.965441] pciehp 0000:00:18.2:pcie04: Slot #258 AttnBtn+ PwrCtrl+ MRL- AttnInd- PwrInd- HotPlug+ Surprise- Interlock- NoCompl+ LLActRep+
[    0.965976] pciehp 0000:00:18.2:pcie04: service driver pciehp loaded
[    0.966044] pciehp 0000:00:18.3:pcie04: Slot #259 AttnBtn+ PwrCtrl+ MRL- AttnInd- PwrInd- HotPlug+ Surprise- Interlock- NoCompl+ LLActRep+
[    0.966592] pciehp 0000:00:18.3:pcie04: service driver pciehp loaded
[    0.966658] pciehp 0000:00:18.4:pcie04: Slot #260 AttnBtn+ PwrCtrl+ MRL- AttnInd- PwrInd- HotPlug+ Surprise- Interlock- NoCompl+ LLActRep+
[    0.967204] pciehp 0000:00:18.4:pcie04: service driver pciehp loaded
[    0.967268] pciehp 0000:00:18.5:pcie04: Slot #261 AttnBtn+ PwrCtrl+ MRL- AttnInd- PwrInd- HotPlug+ Surprise- Interlock- NoCompl+ LLActRep+
[    0.967819] pciehp 0000:00:18.5:pcie04: service driver pciehp loaded
[    0.967885] pciehp 0000:00:18.6:pcie04: Slot #262 AttnBtn+ PwrCtrl+ MRL- AttnInd- PwrInd- HotPlug+ Surprise- Interlock- NoCompl+ LLActRep+
[    0.968445] pciehp 0000:00:18.6:pcie04: service driver pciehp loaded
[    0.968511] pciehp 0000:00:18.7:pcie04: Slot #263 AttnBtn+ PwrCtrl+ MRL- AttnInd- PwrInd- HotPlug+ Surprise- Interlock- NoCompl+ LLActRep+
[    0.969043] pciehp 0000:00:18.7:pcie04: service driver pciehp loaded
[    0.969054] pciehp: PCI Express Hot Plug Controller Driver version: 0.4
[    0.969325] intel_idle: does not run on family 6 model 45
[    0.969628] ACPI: AC Adapter [ACAD] (on-line)
[    0.970018] GHES: HEST is not enabled!
[    0.970351] Serial: 8250/16550 driver, 4 ports, IRQ sharing enabled
[    0.999876] 00:06: ttyS0 at I/O 0x3f8 (irq = 4, base_baud = 115200) is a 16550A
[    1.030392] 00:07: ttyS1 at I/O 0x2f8 (irq = 3, base_baud = 115200) is a 16550A
[    1.031445] Non-volatile memory driver v1.3
[    1.031827] rdac: device handler registered
[    1.032071] hp_sw: device handler registered
[    1.032274] emc: device handler registered
[    1.032526] alua: device handler registered
[    1.032792] i8042: PNP: PS/2 Controller [PNP0303:KBC,PNP0f13:MOUS] at 0x60,0x64 irq 1,12
[    1.034541] serio: i8042 KBD port at 0x60,0x64 irq 1
[    1.034764] serio: i8042 AUX port at 0x60,0x64 irq 12
[    1.056150] rtc_cmos 00:01: rtc core: registered rtc_cmos as rtc0
[    1.056808] rtc_cmos 00:01: alarms up to one month, y3k, 114 bytes nvram, hpet irqs
[    1.057581] Initializing XFRM netlink socket
[    1.057918] input: AT Translated Set 2 keyboard as /devices/platform/i8042/serio0/input/input0
[    1.058839] NET: Registered protocol family 10
[    1.059322] NET: Registered protocol family 17
[    1.059736] microcode: CPU0 sig=0x206d7, pf=0x1, revision=0x70d
[    1.060000] microcode: Microcode Update Driver: v2.01 <tigran@aivazian.fsnet.co.uk>, Peter Oruba
[    1.060593] registered taskstats version 1
[    1.060795] Loading compiled-in X.509 certificates
[    1.061032] zswap: loaded using pool lzo/zbud
[    1.063959] Key type trusted registered
[    1.066449] Key type encrypted registered
[    1.072661] rtc_cmos 00:01: setting system clock to 2016-09-26 03:45:38 UTC (1474861538)
[    1.074268] Freeing unused kernel memory: 936K (ffffffff818a6000 - ffffffff81990000)
[    1.074539] Write protecting the kernel read-only data: 8192k
[    1.075269] Freeing unused kernel memory: 836K (ffff88000152f000 - ffff880001600000)
[    1.077274] Freeing unused kernel memory: 352K (ffff8800017a8000 - ffff880001800000)
[    1.080965] random: systemd urandom read with 3 bits of entropy available
[    1.693143] Fusion MPT base driver 3.04.20
[    1.693318] Copyright (c) 1999-2008 LSI Corporation
[    1.694269] Fusion MPT SPI Host driver 3.04.20
[    1.695075] libata version 3.00 loaded.
[    1.696810] e1000: Intel(R) PRO/1000 Network Driver - version 7.3.21-k8-NAPI
[    1.697012] e1000: Copyright (c) 1999-2006 Intel Corporation.
[    1.700753] mptbase: ioc0: Initiating bringup
[    1.719769] ioc0: LSI53C1030 B0: Capabilities={Initiator}
[    1.778700] scsi host0: ioc0: LSI53C1030 B0, FwRev=01032920h, Ports=1, MaxQ=128, IRQ=17
[    1.818629] ata_piix 0000:00:07.1: version 2.13
[    1.825331] scsi 0:0:0:0: Direct-Access     VMware   Virtual disk     1.0  PQ: 0 ANSI: 2
[    1.825339] scsi target0:0:0: Beginning Domain Validation
[    1.825774] scsi target0:0:0: Domain Validation skipping write tests
[    1.825775] scsi target0:0:0: Ending Domain Validation
[    1.825804] scsi target0:0:0: FAST-40 WIDE SCSI 80.0 MB/s ST (25 ns, offset 127)
[    1.826203] scsi host1: ata_piix
[    1.831585] scsi host2: ata_piix
[    1.831633] ata1: PATA max UDMA/33 cmd 0x1f0 ctl 0x3f6 bmdma 0x1060 irq 14
[    1.831634] ata2: PATA max UDMA/33 cmd 0x170 ctl 0x376 bmdma 0x1068 irq 15
[    1.998482] ata2.00: ATAPI: VMware Virtual IDE CDROM Drive, 00000001, max UDMA/33
[    2.008629] ata2.00: configured for UDMA/33
[    2.018737] scsi 2:0:0:0: CD-ROM            NECVMWar VMware IDE CDR10 1.00 PQ: 0 ANSI: 5
[    2.035454] sd 0:0:0:0: [sda] 104857600 512-byte logical blocks: (53.7 GB/50.0 GiB)
[    2.035682] sd 0:0:0:0: [sda] Write Protect is off
[    2.035830] sd 0:0:0:0: [sda] Mode Sense: 61 00 00 00
[    2.035862] sd 0:0:0:0: [sda] Cache data unavailable
[    2.036009] sd 0:0:0:0: [sda] Assuming drive cache: write through
[    2.087091] sr 2:0:0:0: [sr0] scsi3-mmc drive: 1x/1x writer dvd-ram cd/rw xa/form2 cdda tray
[    2.087285] cdrom: Uniform CD-ROM driver Revision: 3.20
[    2.088237] sr 2:0:0:0: Attached scsi CD-ROM sr0
[    2.113019]  sda: sda1 sda2
[    2.113572] sd 0:0:0:0: [sda] Attached SCSI disk
[    2.321666] e1000 0000:02:00.0 eth0: (PCI:66MHz:32-bit) 00:50:56:83:3f:68
[    2.321845] e1000 0000:02:00.0 eth0: Intel(R) PRO/1000 Network Connection
[    2.324281] e1000 0000:02:00.0 ens32: renamed from eth0
[    2.567227] EXT4-fs (sda1): mounted filesystem with ordered data mode. Opts: (null)
[    2.647788] random: nonblocking pool is initialized
[    4.516908] ip_tables: (C) 2000-2006 Netfilter Core Team
[    5.541799] EXT4-fs (sda1): re-mounted. Opts: (null)
[    6.386859] audit: type=1305 audit(1474861543.813:2): audit_pid=409 old=0 auid=4294967295 ses=4294967295 res=1
[    6.561562] shpchp: Standard Hot Plug PCI Controller Driver version: 0.4
[    6.653912] piix4_smbus 0000:00:07.3: SMBus Host Controller not enabled!
[    6.720932] parport_pc 00:05: reported by Plug and Play ACPI
[    6.721596] parport0: PC-style at 0x378, irq 7 [PCSPP,TRISTATE]
[    6.731977] sd 0:0:0:0: Attached scsi generic sg0 type 0
[    6.732258] sr 2:0:0:0: Attached scsi generic sg1 type 5
[    6.745352] vmw_vmci 0000:00:07.7: Found VMCI PCI device at 0x11080, irq 16
[    6.745768] vmw_vmci 0000:00:07.7: Using capabilities 0xc
[    6.757744] Guest personality initialized and is active
[    6.760741] VMCI host device registered (name=vmci, major=10, minor=58)
[    6.760991] Initialized host personality
[    6.913520] ppdev: user-space parallel port driver
[    7.007003] AVX version of gcm_enc/dec engaged.
[    7.007004] AES CTR mode by8 optimization enabled
[    7.392219] Adding 2191356k swap on /dev/sda2.  Priority:-1 extents:1 across:2191356k FS
[    8.301904] IPv6: ADDRCONF(NETDEV_UP): ens32: link is not ready
[    8.312650] e1000: ens32 NIC Link is Up 1000 Mbps Full Duplex, Flow Control: None
[  666.721131] installed new sys_xcrypt module
[  678.949896] xcrypt received arg           (null)
[  683.601218] xcrypt received arg 00007fff7cca4862
[ 2152.189637] xcrypt received arg 00007fffdfb5885d
[ 2160.371524] xcrypt received arg 00007ffff131785d
[ 2871.058597] xcrypt received arg           (null)
[ 2883.972913] xcrypt received arg 00007fff66a0b861
[    0.000000] Linux version 4.6.0+ (root@vl155.cs.stonybrook.edu) (gcc version 4.8.5 20150623 (Red Hat 4.8.5-4) (GCC) ) #8 Sun Sep 25 21:25:38 EDT 2016
[    0.000000] Command line: BOOT_IMAGE=/boot/vmlinuz-4.6.0+ root=UUID=a990024b-200e-46b2-9529-8de2954a47fe ro crashkernel=auto LANG=en_US.UTF-8
[    0.000000] Disabled fast string operations
[    0.000000] x86/fpu: xstate_offset[2]:  576, xstate_sizes[2]:  256
[    0.000000] x86/fpu: Supporting XSAVE feature 0x001: 'x87 floating point registers'
[    0.000000] x86/fpu: Supporting XSAVE feature 0x002: 'SSE registers'
[    0.000000] x86/fpu: Supporting XSAVE feature 0x004: 'AVX registers'
[    0.000000] x86/fpu: Enabled xstate features 0x7, context size is 832 bytes, using 'standard' format.
[    0.000000] x86/fpu: Using 'eager' FPU context switches.
[    0.000000] e820: BIOS-provided physical RAM map:
[    0.000000] BIOS-e820: [mem 0x0000000000000000-0x000000000009f7ff] usable
[    0.000000] BIOS-e820: [mem 0x000000000009f800-0x000000000009ffff] reserved
[    0.000000] BIOS-e820: [mem 0x00000000000dc000-0x00000000000fffff] reserved
[    0.000000] BIOS-e820: [mem 0x0000000000100000-0x000000007feeffff] usable
[    0.000000] BIOS-e820: [mem 0x000000007fef0000-0x000000007fefefff] ACPI data
[    0.000000] BIOS-e820: [mem 0x000000007feff000-0x000000007fefffff] ACPI NVS
[    0.000000] BIOS-e820: [mem 0x000000007ff00000-0x000000007fffffff] usable
[    0.000000] BIOS-e820: [mem 0x00000000f0000000-0x00000000f7ffffff] reserved
[    0.000000] BIOS-e820: [mem 0x00000000fec00000-0x00000000fec0ffff] reserved
[    0.000000] BIOS-e820: [mem 0x00000000fee00000-0x00000000fee00fff] reserved
[    0.000000] BIOS-e820: [mem 0x00000000fffe0000-0x00000000ffffffff] reserved
[    0.000000] NX (Execute Disable) protection: active
[    0.000000] SMBIOS 2.4 present.
[    0.000000] DMI: VMware, Inc. VMware Virtual Platform/440BX Desktop Reference Platform, BIOS 6.00 09/21/2015
[    0.000000] Hypervisor detected: VMware
[    0.000000] e820: update [mem 0x00000000-0x00000fff] usable ==> reserved
[    0.000000] e820: remove [mem 0x000a0000-0x000fffff] usable
[    0.000000] e820: last_pfn = 0x80000 max_arch_pfn = 0x400000000
[    0.000000] MTRR default type: uncachable
[    0.000000] MTRR fixed ranges enabled:
[    0.000000]   00000-9FFFF write-back
[    0.000000]   A0000-BFFFF uncachable
[    0.000000]   C0000-CBFFF write-protect
[    0.000000]   CC000-EFFFF uncachable
[    0.000000]   F0000-FFFFF write-protect
[    0.000000] MTRR variable ranges enabled:
[    0.000000]   0 base 0000000000 mask FF80000000 write-back
[    0.000000]   1 disabled
[    0.000000]   2 disabled
[    0.000000]   3 disabled
[    0.000000]   4 disabled
[    0.000000]   5 disabled
[    0.000000]   6 disabled
[    0.000000]   7 disabled
[    0.000000] x86/PAT: Configuration [0-7]: WB  WC  UC- UC  WB  WC  UC- WT  
[    0.000000] found SMP MP-table at [mem 0x000f6b30-0x000f6b3f] mapped at [ffff8800000f6b30]
[    0.000000] Base memory trampoline at [ffff880000099000] 99000 size 24576
[    0.000000] BRK [0x01aff000, 0x01afffff] PGTABLE
[    0.000000] BRK [0x01b00000, 0x01b00fff] PGTABLE
[    0.000000] BRK [0x01b01000, 0x01b01fff] PGTABLE
[    0.000000] BRK [0x01b02000, 0x01b02fff] PGTABLE
[    0.000000] BRK [0x01b03000, 0x01b03fff] PGTABLE
[    0.000000] RAMDISK: [mem 0x361f2000-0x370f0fff]
[    0.000000] ACPI: Early table checksum verification disabled
[    0.000000] ACPI: RSDP 0x00000000000F6AC0 000024 (v02 PTLTD )
[    0.000000] ACPI: XSDT 0x000000007FEF114C 00005C (v01 INTEL  440BX    06040000 VMW  01324272)
[    0.000000] ACPI: FACP 0x000000007FEFEE73 0000F4 (v04 INTEL  440BX    06040000 PTL  000F4240)
[    0.000000] ACPI: DSDT 0x000000007FEF13B4 00DABF (v01 PTLTD  Custom   06040000 MSFT 03000001)
[    0.000000] ACPI: FACS 0x000000007FEFFFC0 000040
[    0.000000] ACPI: FACS 0x000000007FEFFFC0 000040
[    0.000000] ACPI: BOOT 0x000000007FEF138C 000028 (v01 PTLTD  $SBFTBL$ 06040000  LTP 00000001)
[    0.000000] ACPI: APIC 0x000000007FEF133C 000050 (v01 PTLTD  ? APIC   06040000  LTP 00000000)
[    0.000000] ACPI: MCFG 0x000000007FEF1300 00003C (v01 PTLTD  $PCITBL$ 06040000  LTP 00000001)
[    0.000000] ACPI: SRAT 0x000000007FEF1248 0000B8 (v02 VMWARE MEMPLUG  06040000 VMW  00000001)
[    0.000000] ACPI: HPET 0x000000007FEF1210 000038 (v01 VMWARE VMW HPET 06040000 VMW  00000001)
[    0.000000] ACPI: WAET 0x000000007FEF11E8 000028 (v01 VMWARE VMW WAET 06040000 VMW  00000001)
[    0.000000] ACPI: Local APIC address 0xfee00000
[    0.000000] kexec_core: crashkernel: memory value expected
[    0.000000] Zone ranges:
[    0.000000]   DMA      [mem 0x0000000000001000-0x0000000000ffffff]
[    0.000000]   DMA32    [mem 0x0000000001000000-0x000000007fffffff]
[    0.000000]   Normal   empty
[    0.000000] Movable zone start for each node
[    0.000000] Early memory node ranges
[    0.000000]   node   0: [mem 0x0000000000001000-0x000000000009efff]
[    0.000000]   node   0: [mem 0x0000000000100000-0x000000007feeffff]
[    0.000000]   node   0: [mem 0x000000007ff00000-0x000000007fffffff]
[    0.000000] Initmem setup node 0 [mem 0x0000000000001000-0x000000007fffffff]
[    0.000000] On node 0 totalpages: 524174
[    0.000000]   DMA zone: 64 pages used for memmap
[    0.000000]   DMA zone: 21 pages reserved
[    0.000000]   DMA zone: 3998 pages, LIFO batch:0
[    0.000000]   DMA32 zone: 8128 pages used for memmap
[    0.000000]   DMA32 zone: 520176 pages, LIFO batch:31
[    0.000000] ACPI: PM-Timer IO Port: 0x1008
[    0.000000] ACPI: Local APIC address 0xfee00000
[    0.000000] ACPI: LAPIC_NMI (acpi_id[0x00] high edge lint[0x1])
[    0.000000] IOAPIC[0]: apic_id 1, version 17, address 0xfec00000, GSI 0-23
[    0.000000] ACPI: INT_SRC_OVR (bus 0 bus_irq 0 global_irq 2 high edge)
[    0.000000] ACPI: IRQ0 used by override.
[    0.000000] ACPI: IRQ9 used by override.
[    0.000000] Using ACPI (MADT) for SMP configuration information
[    0.000000] ACPI: HPET id: 0x8086af01 base: 0xfed00000
[    0.000000] PM: Registered nosave memory: [mem 0x00000000-0x00000fff]
[    0.000000] PM: Registered nosave memory: [mem 0x0009f000-0x0009ffff]
[    0.000000] PM: Registered nosave memory: [mem 0x000a0000-0x000dbfff]
[    0.000000] PM: Registered nosave memory: [mem 0x000dc000-0x000fffff]
[    0.000000] PM: Registered nosave memory: [mem 0x7fef0000-0x7fefefff]
[    0.000000] PM: Registered nosave memory: [mem 0x7feff000-0x7fefffff]
[    0.000000] e820: [mem 0x80000000-0xefffffff] available for PCI devices
[    0.000000] Booting paravirtualized kernel on bare hardware
[    0.000000] clocksource: refined-jiffies: mask: 0xffffffff max_cycles: 0xffffffff, max_idle_ns: 1910969940391419 ns
[    0.000000] pcpu-alloc: s0 r0 d32768 u32768 alloc=1*32768
[    0.000000] pcpu-alloc: [0] 0 
[    0.000000] Built 1 zonelists in Zone order, mobility grouping on.  Total pages: 515961
[    0.000000] Kernel command line: BOOT_IMAGE=/boot/vmlinuz-4.6.0+ root=UUID=a990024b-200e-46b2-9529-8de2954a47fe ro crashkernel=auto LANG=en_US.UTF-8
[    0.000000] PID hash table entries: 4096 (order: 3, 32768 bytes)
[    0.000000] Dentry cache hash table entries: 262144 (order: 9, 2097152 bytes)
[    0.000000] Inode-cache hash table entries: 131072 (order: 8, 1048576 bytes)
[    0.000000] Memory: 2033912K/2096696K available (5292K kernel code, 659K rwdata, 1696K rodata, 936K init, 1460K bss, 62784K reserved, 0K cma-reserved)
[    0.000000] SLUB: HWalign=64, Order=0-3, MinObjects=0, CPUs=1, Nodes=1
[    0.000000] NR_IRQS:4352 nr_irqs:256 16
[    0.000000] Console: colour VGA+ 80x25
[    0.000000] console [tty0] enabled
[    0.000000] clocksource: hpet: mask: 0xffffffff max_cycles: 0xffffffff, max_idle_ns: 133484882848 ns
[    0.000000] hpet clockevent registered
[    0.000000] TSC freq read from hypervisor : 1800.000 MHz
[    0.000000] tsc: Detected 1800.000 MHz processor
[    0.000088] Calibrating delay loop (skipped) preset value.. 3600.00 BogoMIPS (lpj=1800000)
[    0.000298] pid_max: default: 32768 minimum: 301
[    0.000440] ACPI: Core revision 20160108
[    0.011277] ACPI: 1 ACPI AML tables successfully acquired and loaded

[    0.011598] Mount-cache hash table entries: 4096 (order: 3, 32768 bytes)
[    0.011772] Mountpoint-cache hash table entries: 4096 (order: 3, 32768 bytes)
[    0.012201] Disabled fast string operations
[    0.012351] mce: CPU supports 0 MCE banks
[    0.012505] Last level iTLB entries: 4KB 512, 2MB 8, 4MB 8
[    0.012650] Last level dTLB entries: 4KB 512, 2MB 32, 4MB 32, 1GB 0
[    0.012816] CPU: Intel(R) Xeon(R) CPU E5-2403 0 @ 1.80GHz (family: 0x6, model: 0x2d, stepping: 0x7)
[    0.026174] Performance Events: 16-deep LBR, SandyBridge events, core PMU driver.
[    0.026472] core: CPUID marked event: 'cpu cycles' unavailable
[    0.026621] core: CPUID marked event: 'instructions' unavailable
[    0.026781] core: CPUID marked event: 'bus cycles' unavailable
[    0.026930] core: CPUID marked event: 'cache references' unavailable
[    0.027084] core: CPUID marked event: 'cache misses' unavailable
[    0.027232] core: CPUID marked event: 'branch instructions' unavailable
[    0.027389] core: CPUID marked event: 'branch misses' unavailable
[    0.027542] ... version:                1
[    0.027677] ... bit width:              48
[    0.027807] ... generic registers:      8
[    0.027934] ... value mask:             0000ffffffffffff
[    0.028077] ... max period:             000000007fffffff
[    0.028217] ... fixed-purpose events:   0
[    0.028344] ... event mask:             00000000000000ff
[    0.028765] x2apic: IRQ remapping doesn't support X2APIC mode
[    0.029461] ..TIMER: vector=0x30 apic1=0 pin1=2 apic2=-1 pin2=-1
[    0.140922] devtmpfs: initialized
[    0.141128] x86/mm: Memory block size: 128MB
[    0.144236] PM: Registering ACPI NVS region [mem 0x7feff000-0x7fefffff] (4096 bytes)
[    0.144494] clocksource: jiffies: mask: 0xffffffff max_cycles: 0xffffffff, max_idle_ns: 1911260446275000 ns
[    0.144817] atomic64_test: passed for x86-64 platform with CX8 and with SSE
[    0.144988] pinctrl core: initialized pinctrl subsystem
[    0.145255] NET: Registered protocol family 16
[    0.145496] cpuidle: using governor menu
[    0.145677] Simple Boot Flag at 0x36 set to 0x80
[    0.145853] ACPI: bus type PCI registered
[    0.145984] acpiphp: ACPI Hot Plug PCI Controller Driver version: 0.5
[    0.146304] PCI: MMCONFIG for domain 0000 [bus 00-7f] at [mem 0xf0000000-0xf7ffffff] (base 0xf0000000)
[    0.146571] PCI: MMCONFIG at [mem 0xf0000000-0xf7ffffff] reserved in E820
[    0.146744] PCI: Using configuration type 1 for base access
[    0.146932] core: PMU erratum BJ122, BV98, HSD29 workaround disabled, HT off
[    0.147924] HugeTLB registered 2 MB page size, pre-allocated 0 pages
[    0.148244] ACPI: Added _OSI(Module Device)
[    0.148379] ACPI: Added _OSI(Processor Device)
[    0.148522] ACPI: Added _OSI(3.0 _SCP Extensions)
[    0.148659] ACPI: Added _OSI(Processor Aggregator Device)
[    0.155034] [Firmware Bug]: ACPI: BIOS _OSI(Linux) query ignored
[    0.157140] ACPI: Interpreter enabled
[    0.157285] ACPI: (supports S0 S1 S4 S5)
[    0.157422] ACPI: Using IOAPIC for interrupt routing
[    0.157589] PCI: Using host bridge windows from ACPI; if necessary, use "pci=nocrs" and report a bug
[    0.221019] ACPI: PCI Root Bridge [PCI0] (domain 0000 [bus 00-7f])
[    0.221190] acpi PNP0A03:00: _OSC: OS supports [ExtendedConfig ASPM ClockPM Segments MSI]
[    0.221647] acpi PNP0A03:00: _OSC: platform does not support [AER]
[    0.222053] acpi PNP0A03:00: _OSC: OS now controls [PCIeHotplug PME PCIeCapability]
[    0.224461] PCI host bridge to bus 0000:00
[    0.224596] pci_bus 0000:00: root bus resource [mem 0x000a0000-0x000bffff window]
[    0.224766] pci_bus 0000:00: root bus resource [mem 0x000cc000-0x000cffff window]
[    0.224936] pci_bus 0000:00: root bus resource [mem 0x000d0000-0x000d3fff window]
[    0.225102] pci_bus 0000:00: root bus resource [mem 0x000d4000-0x000d7fff window]
[    0.225270] pci_bus 0000:00: root bus resource [mem 0x000d8000-0x000dbfff window]
[    0.225446] pci_bus 0000:00: root bus resource [mem 0x80000000-0xfebfffff window]
[    0.225614] pci_bus 0000:00: root bus resource [io  0x0000-0x0cf7 window]
[    0.225771] pci_bus 0000:00: root bus resource [io  0x0d00-0xfeff window]
[    0.225929] pci_bus 0000:00: root bus resource [bus 00-7f]
[    0.226132] pci 0000:00:00.0: [8086:7190] type 00 class 0x060000
[    0.226917] pci 0000:00:01.0: [8086:7191] type 01 class 0x060400
[    0.227528] pci 0000:00:07.0: [8086:7110] type 00 class 0x060100
[    0.228408] pci 0000:00:07.1: [8086:7111] type 00 class 0x01018a
[    0.230261] pci 0000:00:07.1: reg 0x20: [io  0x1060-0x106f]
[    0.231019] pci 0000:00:07.1: legacy IDE quirk: reg 0x10: [io  0x01f0-0x01f7]
[    0.231185] pci 0000:00:07.1: legacy IDE quirk: reg 0x14: [io  0x03f6]
[    0.231343] pci 0000:00:07.1: legacy IDE quirk: reg 0x18: [io  0x0170-0x0177]
[    0.231513] pci 0000:00:07.1: legacy IDE quirk: reg 0x1c: [io  0x0376]
[    0.231946] pci 0000:00:07.3: [8086:7113] type 00 class 0x068000
[    0.233922] pci 0000:00:07.3: quirk: [io  0x1000-0x103f] claimed by PIIX4 ACPI
[    0.234101] pci 0000:00:07.3: quirk: [io  0x1040-0x104f] claimed by PIIX4 SMB
[    0.234658] pci 0000:00:07.7: [15ad:0740] type 00 class 0x088000
[    0.235604] pci 0000:00:07.7: reg 0x10: [io  0x1080-0x10bf]
[    0.236498] pci 0000:00:07.7: reg 0x14: [mem 0xfebfe000-0xfebfffff 64bit]
[    0.240444] pci 0000:00:0f.0: [15ad:0405] type 00 class 0x030000
[    0.242725] pci 0000:00:0f.0: reg 0x10: [io  0x1070-0x107f]
[    0.244925] pci 0000:00:0f.0: reg 0x14: [mem 0xec000000-0xefffffff pref]
[    0.247103] pci 0000:00:0f.0: reg 0x18: [mem 0xfe000000-0xfe7fffff]
[    0.255802] pci 0000:00:0f.0: reg 0x30: [mem 0x00000000-0x00007fff pref]
[    0.256286] pci 0000:00:10.0: [1000:0030] type 00 class 0x010000
[    0.257658] pci 0000:00:10.0: reg 0x10: [io  0x1400-0x14ff]
[    0.259021] pci 0000:00:10.0: reg 0x14: [mem 0xfeba0000-0xfebbffff 64bit]
[    0.260387] pci 0000:00:10.0: reg 0x1c: [mem 0xfebc0000-0xfebdffff 64bit]
[    0.263007] pci 0000:00:10.0: reg 0x30: [mem 0x00000000-0x00003fff pref]
[    0.263321] pci 0000:00:11.0: [15ad:0790] type 01 class 0x060401
[    0.264030] pci 0000:00:11.0: System wakeup disabled by ACPI
[    0.264389] pci 0000:00:15.0: [15ad:07a0] type 01 class 0x060400
[    0.265224] pci 0000:00:15.0: PME# supported from D0 D3hot D3cold
[    0.265455] pci 0000:00:15.0: System wakeup disabled by ACPI
[    0.265763] pci 0000:00:15.1: [15ad:07a0] type 01 class 0x060400
[    0.266597] pci 0000:00:15.1: PME# supported from D0 D3hot D3cold
[    0.266820] pci 0000:00:15.1: System wakeup disabled by ACPI
[    0.267123] pci 0000:00:15.2: [15ad:07a0] type 01 class 0x060400
[    0.267948] pci 0000:00:15.2: PME# supported from D0 D3hot D3cold
[    0.268170] pci 0000:00:15.2: System wakeup disabled by ACPI
[    0.268484] pci 0000:00:15.3: [15ad:07a0] type 01 class 0x060400
[    0.269303] pci 0000:00:15.3: PME# supported from D0 D3hot D3cold
[    0.269537] pci 0000:00:15.3: System wakeup disabled by ACPI
[    0.269844] pci 0000:00:15.4: [15ad:07a0] type 01 class 0x060400
[    0.270670] pci 0000:00:15.4: PME# supported from D0 D3hot D3cold
[    0.270892] pci 0000:00:15.4: System wakeup disabled by ACPI
[    0.271196] pci 0000:00:15.5: [15ad:07a0] type 01 class 0x060400
[    0.272021] pci 0000:00:15.5: PME# supported from D0 D3hot D3cold
[    0.272243] pci 0000:00:15.5: System wakeup disabled by ACPI
[    0.272567] pci 0000:00:15.6: [15ad:07a0] type 01 class 0x060400
[    0.273391] pci 0000:00:15.6: PME# supported from D0 D3hot D3cold
[    0.273614] pci 0000:00:15.6: System wakeup disabled by ACPI
[    0.273920] pci 0000:00:15.7: [15ad:07a0] type 01 class 0x060400
[    0.274750] pci 0000:00:15.7: PME# supported from D0 D3hot D3cold
[    0.274974] pci 0000:00:15.7: System wakeup disabled by ACPI
[    0.275281] pci 0000:00:16.0: [15ad:07a0] type 01 class 0x060400
[    0.276106] pci 0000:00:16.0: PME# supported from D0 D3hot D3cold
[    0.276327] pci 0000:00:16.0: System wakeup disabled by ACPI
[    0.276641] pci 0000:00:16.1: [15ad:07a0] type 01 class 0x060400
[    0.277466] pci 0000:00:16.1: PME# supported from D0 D3hot D3cold
[    0.277689] pci 0000:00:16.1: System wakeup disabled by ACPI
[    0.277993] pci 0000:00:16.2: [15ad:07a0] type 01 class 0x060400
[    0.278819] pci 0000:00:16.2: PME# supported from D0 D3hot D3cold
[    0.279054] pci 0000:00:16.2: System wakeup disabled by ACPI
[    0.279362] pci 0000:00:16.3: [15ad:07a0] type 01 class 0x060400
[    0.280199] pci 0000:00:16.3: PME# supported from D0 D3hot D3cold
[    0.280426] pci 0000:00:16.3: System wakeup disabled by ACPI
[    0.280733] pci 0000:00:16.4: [15ad:07a0] type 01 class 0x060400
[    0.281559] pci 0000:00:16.4: PME# supported from D0 D3hot D3cold
[    0.281781] pci 0000:00:16.4: System wakeup disabled by ACPI
[    0.282087] pci 0000:00:16.5: [15ad:07a0] type 01 class 0x060400
[    0.282911] pci 0000:00:16.5: PME# supported from D0 D3hot D3cold
[    0.283132] pci 0000:00:16.5: System wakeup disabled by ACPI
[    0.283450] pci 0000:00:16.6: [15ad:07a0] type 01 class 0x060400
